Archive member included to satisfy reference by file (symbol)

c:/st/stm32cubeide_1.12.1/stm32cubeide/plugins/com.st.stm32cube.ide.mcu.externaltools.gnu-tools-for-stm32.10.3-2021.10.win32_1.0.200.202301161003/tools/bin/../lib/gcc/arm-none-eabi/10.3.1/../../../../arm-none-eabi/lib/thumb/v7e-m+fp/hard\libc_nano.a(lib_a-errno.o)
                              ./Core/Src/syscalls.o (__errno)
c:/st/stm32cubeide_1.12.1/stm32cubeide/plugins/com.st.stm32cube.ide.mcu.externaltools.gnu-tools-for-stm32.10.3-2021.10.win32_1.0.200.202301161003/tools/bin/../lib/gcc/arm-none-eabi/10.3.1/../../../../arm-none-eabi/lib/thumb/v7e-m+fp/hard\libc_nano.a(lib_a-exit.o)
                              c:/st/stm32cubeide_1.12.1/stm32cubeide/plugins/com.st.stm32cube.ide.mcu.externaltools.gnu-tools-for-stm32.10.3-2021.10.win32_1.0.200.202301161003/tools/bin/../lib/gcc/arm-none-eabi/10.3.1/../../../../arm-none-eabi/lib/thumb/v7e-m+fp/hard/crt0.o (exit)
c:/st/stm32cubeide_1.12.1/stm32cubeide/plugins/com.st.stm32cube.ide.mcu.externaltools.gnu-tools-for-stm32.10.3-2021.10.win32_1.0.200.202301161003/tools/bin/../lib/gcc/arm-none-eabi/10.3.1/../../../../arm-none-eabi/lib/thumb/v7e-m+fp/hard\libc_nano.a(lib_a-impure.o)
                              c:/st/stm32cubeide_1.12.1/stm32cubeide/plugins/com.st.stm32cube.ide.mcu.externaltools.gnu-tools-for-stm32.10.3-2021.10.win32_1.0.200.202301161003/tools/bin/../lib/gcc/arm-none-eabi/10.3.1/../../../../arm-none-eabi/lib/thumb/v7e-m+fp/hard\libc_nano.a(lib_a-exit.o) (_global_impure_ptr)
c:/st/stm32cubeide_1.12.1/stm32cubeide/plugins/com.st.stm32cube.ide.mcu.externaltools.gnu-tools-for-stm32.10.3-2021.10.win32_1.0.200.202301161003/tools/bin/../lib/gcc/arm-none-eabi/10.3.1/../../../../arm-none-eabi/lib/thumb/v7e-m+fp/hard\libc_nano.a(lib_a-init.o)
                              c:/st/stm32cubeide_1.12.1/stm32cubeide/plugins/com.st.stm32cube.ide.mcu.externaltools.gnu-tools-for-stm32.10.3-2021.10.win32_1.0.200.202301161003/tools/bin/../lib/gcc/arm-none-eabi/10.3.1/../../../../arm-none-eabi/lib/thumb/v7e-m+fp/hard/crt0.o (__libc_init_array)
c:/st/stm32cubeide_1.12.1/stm32cubeide/plugins/com.st.stm32cube.ide.mcu.externaltools.gnu-tools-for-stm32.10.3-2021.10.win32_1.0.200.202301161003/tools/bin/../lib/gcc/arm-none-eabi/10.3.1/../../../../arm-none-eabi/lib/thumb/v7e-m+fp/hard\libc_nano.a(lib_a-memset.o)
                              c:/st/stm32cubeide_1.12.1/stm32cubeide/plugins/com.st.stm32cube.ide.mcu.externaltools.gnu-tools-for-stm32.10.3-2021.10.win32_1.0.200.202301161003/tools/bin/../lib/gcc/arm-none-eabi/10.3.1/../../../../arm-none-eabi/lib/thumb/v7e-m+fp/hard/crt0.o (memset)
c:/st/stm32cubeide_1.12.1/stm32cubeide/plugins/com.st.stm32cube.ide.mcu.externaltools.gnu-tools-for-stm32.10.3-2021.10.win32_1.0.200.202301161003/tools/bin/../lib/gcc/arm-none-eabi/10.3.1/thumb/v7e-m+fp/hard\libgcc.a(_arm_muldf3.o)
                              ./Core/Src/main.o (__aeabi_dmul)
c:/st/stm32cubeide_1.12.1/stm32cubeide/plugins/com.st.stm32cube.ide.mcu.externaltools.gnu-tools-for-stm32.10.3-2021.10.win32_1.0.200.202301161003/tools/bin/../lib/gcc/arm-none-eabi/10.3.1/thumb/v7e-m+fp/hard\libgcc.a(_arm_addsubdf3.o)
                              ./Core/Src/main.o (__aeabi_ui2d)
c:/st/stm32cubeide_1.12.1/stm32cubeide/plugins/com.st.stm32cube.ide.mcu.externaltools.gnu-tools-for-stm32.10.3-2021.10.win32_1.0.200.202301161003/tools/bin/../lib/gcc/arm-none-eabi/10.3.1/thumb/v7e-m+fp/hard\libgcc.a(_arm_muldivdf3.o)
                              ./Core/Src/main.o (__aeabi_ddiv)
c:/st/stm32cubeide_1.12.1/stm32cubeide/plugins/com.st.stm32cube.ide.mcu.externaltools.gnu-tools-for-stm32.10.3-2021.10.win32_1.0.200.202301161003/tools/bin/../lib/gcc/arm-none-eabi/10.3.1/thumb/v7e-m+fp/hard\libgcc.a(_aeabi_uldivmod.o)
                              ./Drivers/STM32F4xx_HAL_Driver/Src/stm32f4xx_hal_rcc.o (__aeabi_uldivmod)
c:/st/stm32cubeide_1.12.1/stm32cubeide/plugins/com.st.stm32cube.ide.mcu.externaltools.gnu-tools-for-stm32.10.3-2021.10.win32_1.0.200.202301161003/tools/bin/../lib/gcc/arm-none-eabi/10.3.1/thumb/v7e-m+fp/hard\libgcc.a(_udivmoddi4.o)
                              c:/st/stm32cubeide_1.12.1/stm32cubeide/plugins/com.st.stm32cube.ide.mcu.externaltools.gnu-tools-for-stm32.10.3-2021.10.win32_1.0.200.202301161003/tools/bin/../lib/gcc/arm-none-eabi/10.3.1/thumb/v7e-m+fp/hard\libgcc.a(_aeabi_uldivmod.o) (__udivmoddi4)
c:/st/stm32cubeide_1.12.1/stm32cubeide/plugins/com.st.stm32cube.ide.mcu.externaltools.gnu-tools-for-stm32.10.3-2021.10.win32_1.0.200.202301161003/tools/bin/../lib/gcc/arm-none-eabi/10.3.1/thumb/v7e-m+fp/hard\libgcc.a(_dvmd_tls.o)
                              c:/st/stm32cubeide_1.12.1/stm32cubeide/plugins/com.st.stm32cube.ide.mcu.externaltools.gnu-tools-for-stm32.10.3-2021.10.win32_1.0.200.202301161003/tools/bin/../lib/gcc/arm-none-eabi/10.3.1/thumb/v7e-m+fp/hard\libgcc.a(_aeabi_uldivmod.o) (__aeabi_ldiv0)

Discarded input sections

[...]
Memory Configuration

Name             Origin             Length             Attributes
RAM              0x0000000020000000 0x0000000000010000 xrw
FLASH            0x0000000008000000 0x0000000000040000 xr
*default*        0x0000000000000000 0xffffffffffffffff

Linker script and memory map

LOAD c:/st/stm32cubeide_1.12.1/stm32cubeide/plugins/com.st.stm32cube.ide.mcu.externaltools.gnu-tools-for-stm32.10.3-2021.10.win32_1.0.200.202301161003/tools/bin/../lib/gcc/arm-none-eabi/10.3.1/thumb/v7e-m+fp/hard/crti.o
LOAD c:/st/stm32cubeide_1.12.1/stm32cubeide/plugins/com.st.stm32cube.ide.mcu.externaltools.gnu-tools-for-stm32.10.3-2021.10.win32_1.0.200.202301161003/tools/bin/../lib/gcc/arm-none-eabi/10.3.1/thumb/v7e-m+fp/hard/crtbegin.o
LOAD c:/st/stm32cubeide_1.12.1/stm32cubeide/plugins/com.st.stm32cube.ide.mcu.externaltools.gnu-tools-for-stm32.10.3-2021.10.win32_1.0.200.202301161003/tools/bin/../lib/gcc/arm-none-eabi/10.3.1/../../../../arm-none-eabi/lib/thumb/v7e-m+fp/hard/crt0.o
LOAD ./Core/Src/BME280.o
LOAD ./Core/Src/main.o
LOAD ./Core/Src/stm32f4xx_hal_msp.o
LOAD ./Core/Src/stm32f4xx_it.o
LOAD ./Core/Src/syscalls.o
LOAD ./Core/Src/sysmem.o
LOAD ./Core/Src/system_stm32f4xx.o
LOAD ./Core/Startup/startup_stm32f401rctx.o
LOAD ./Drivers/STM32F4xx_HAL_Driver/Src/stm32f4xx_hal.o
LOAD ./Drivers/STM32F4xx_HAL_Driver/Src/stm32f4xx_hal_adc.o
LOAD ./Drivers/STM32F4xx_HAL_Driver/Src/stm32f4xx_hal_adc_ex.o
LOAD ./Drivers/STM32F4xx_HAL_Driver/Src/stm32f4xx_hal_cortex.o
LOAD ./Drivers/STM32F4xx_HAL_Driver/Src/stm32f4xx_hal_dma.o
LOAD ./Drivers/STM32F4xx_HAL_Driver/Src/stm32f4xx_hal_dma_ex.o
LOAD ./Drivers/STM32F4xx_HAL_Driver/Src/stm32f4xx_hal_exti.o
LOAD ./Drivers/STM32F4xx_HAL_Driver/Src/stm32f4xx_hal_flash.o
LOAD ./Drivers/STM32F4xx_HAL_Driver/Src/stm32f4xx_hal_flash_ex.o
LOAD ./Drivers/STM32F4xx_HAL_Driver/Src/stm32f4xx_hal_flash_ramfunc.o
LOAD ./Drivers/STM32F4xx_HAL_Driver/Src/stm32f4xx_hal_gpio.o
LOAD ./Drivers/STM32F4xx_HAL_Driver/Src/stm32f4xx_hal_i2c.o
LOAD ./Drivers/STM32F4xx_HAL_Driver/Src/stm32f4xx_hal_i2c_ex.o
LOAD ./Drivers/STM32F4xx_HAL_Driver/Src/stm32f4xx_hal_pcd.o
LOAD ./Drivers/STM32F4xx_HAL_Driver/Src/stm32f4xx_hal_pcd_ex.o
LOAD ./Drivers/STM32F4xx_HAL_Driver/Src/stm32f4xx_hal_pwr.o
LOAD ./Drivers/STM32F4xx_HAL_Driver/Src/stm32f4xx_hal_pwr_ex.o
LOAD ./Drivers/STM32F4xx_HAL_Driver/Src/stm32f4xx_hal_rcc.o
LOAD ./Drivers/STM32F4xx_HAL_Driver/Src/stm32f4xx_hal_rcc_ex.o
LOAD ./Drivers/STM32F4xx_HAL_Driver/Src/stm32f4xx_hal_spi.o
LOAD ./Drivers/STM32F4xx_HAL_Driver/Src/stm32f4xx_hal_tim.o
LOAD ./Drivers/STM32F4xx_HAL_Driver/Src/stm32f4xx_hal_tim_ex.o
LOAD ./Drivers/STM32F4xx_HAL_Driver/Src/stm32f4xx_ll_adc.o
LOAD ./Drivers/STM32F4xx_HAL_Driver/Src/stm32f4xx_ll_usb.o
LOAD ./Middlewares/ST/STM32_USB_Device_Library/Class/CDC/Src/usbd_cdc.o
LOAD ./Middlewares/ST/STM32_USB_Device_Library/Core/Src/usbd_core.o
LOAD ./Middlewares/ST/STM32_USB_Device_Library/Core/Src/usbd_ctlreq.o
LOAD ./Middlewares/ST/STM32_USB_Device_Library/Core/Src/usbd_ioreq.o
LOAD ./USB_DEVICE/App/usb_device.o
LOAD ./USB_DEVICE/App/usbd_cdc_if.o
LOAD ./USB_DEVICE/App/usbd_desc.o
LOAD ./USB_DEVICE/Target/usbd_conf.o
START GROUP
LOAD c:/st/stm32cubeide_1.12.1/stm32cubeide/plugins/com.st.stm32cube.ide.mcu.externaltools.gnu-tools-for-stm32.10.3-2021.10.win32_1.0.200.202301161003/tools/bin/../lib/gcc/arm-none-eabi/10.3.1/../../../../arm-none-eabi/lib/thumb/v7e-m+fp/hard\libc_nano.a
LOAD c:/st/stm32cubeide_1.12.1/stm32cubeide/plugins/com.st.stm32cube.ide.mcu.externaltools.gnu-tools-for-stm32.10.3-2021.10.win32_1.0.200.202301161003/tools/bin/../lib/gcc/arm-none-eabi/10.3.1/../../../../arm-none-eabi/lib/thumb/v7e-m+fp/hard\libm.a
END GROUP
START GROUP
LOAD c:/st/stm32cubeide_1.12.1/stm32cubeide/plugins/com.st.stm32cube.ide.mcu.externaltools.gnu-tools-for-stm32.10.3-2021.10.win32_1.0.200.202301161003/tools/bin/../lib/gcc/arm-none-eabi/10.3.1/thumb/v7e-m+fp/hard\libgcc.a
LOAD c:/st/stm32cubeide_1.12.1/stm32cubeide/plugins/com.st.stm32cube.ide.mcu.externaltools.gnu-tools-for-stm32.10.3-2021.10.win32_1.0.200.202301161003/tools/bin/../lib/gcc/arm-none-eabi/10.3.1/../../../../arm-none-eabi/lib/thumb/v7e-m+fp/hard\libc_nano.a
END GROUP
START GROUP
LOAD c:/st/stm32cubeide_1.12.1/stm32cubeide/plugins/com.st.stm32cube.ide.mcu.externaltools.gnu-tools-for-stm32.10.3-2021.10.win32_1.0.200.202301161003/tools/bin/../lib/gcc/arm-none-eabi/10.3.1/thumb/v7e-m+fp/hard\libgcc.a
LOAD c:/st/stm32cubeide_1.12.1/stm32cubeide/plugins/com.st.stm32cube.ide.mcu.externaltools.gnu-tools-for-stm32.10.3-2021.10.win32_1.0.200.202301161003/tools/bin/../lib/gcc/arm-none-eabi/10.3.1/../../../../arm-none-eabi/lib/thumb/v7e-m+fp/hard\libc_nano.a
LOAD c:/st/stm32cubeide_1.12.1/stm32cubeide/plugins/com.st.stm32cube.ide.mcu.externaltools.gnu-tools-for-stm32.10.3-2021.10.win32_1.0.200.202301161003/tools/bin/../lib/gcc/arm-none-eabi/10.3.1/../../../../arm-none-eabi/lib/thumb/v7e-m+fp/hard\libnosys.a
END GROUP
START GROUP
LOAD c:/st/stm32cubeide_1.12.1/stm32cubeide/plugins/com.st.stm32cube.ide.mcu.externaltools.gnu-tools-for-stm32.10.3-2021.10.win32_1.0.200.202301161003/tools/bin/../lib/gcc/arm-none-eabi/10.3.1/thumb/v7e-m+fp/hard\libgcc.a
LOAD c:/st/stm32cubeide_1.12.1/stm32cubeide/plugins/com.st.stm32cube.ide.mcu.externaltools.gnu-tools-for-stm32.10.3-2021.10.win32_1.0.200.202301161003/tools/bin/../lib/gcc/arm-none-eabi/10.3.1/../../../../arm-none-eabi/lib/thumb/v7e-m+fp/hard\libc_nano.a
LOAD c:/st/stm32cubeide_1.12.1/stm32cubeide/plugins/com.st.stm32cube.ide.mcu.externaltools.gnu-tools-for-stm32.10.3-2021.10.win32_1.0.200.202301161003/tools/bin/../lib/gcc/arm-none-eabi/10.3.1/../../../../arm-none-eabi/lib/thumb/v7e-m+fp/hard\libnosys.a
END GROUP
LOAD c:/st/stm32cubeide_1.12.1/stm32cubeide/plugins/com.st.stm32cube.ide.mcu.externaltools.gnu-tools-for-stm32.10.3-2021.10.win32_1.0.200.202301161003/tools/bin/../lib/gcc/arm-none-eabi/10.3.1/thumb/v7e-m+fp/hard/crtend.o
LOAD c:/st/stm32cubeide_1.12.1/stm32cubeide/plugins/com.st.stm32cube.ide.mcu.externaltools.gnu-tools-for-stm32.10.3-2021.10.win32_1.0.200.202301161003/tools/bin/../lib/gcc/arm-none-eabi/10.3.1/thumb/v7e-m+fp/hard/crtn.o
                0x0000000020010000                _estack = (ORIGIN (RAM) + LENGTH (RAM))
                0x0000000000000200                _Min_Heap_Size = 0x200
                0x0000000000000400                _Min_Stack_Size = 0x400

.isr_vector     0x0000000008000000      0x194
                0x0000000008000000                . = ALIGN (0x4)
 *(.isr_vector)
 .isr_vector    0x0000000008000000      0x194 ./Core/Startup/startup_stm32f401rctx.o
                0x0000000008000000                g_pfnVectors
                0x0000000008000194                . = ALIGN (0x4)

.text           0x0000000008000198     0x9024
                0x0000000008000198                . = ALIGN (0x4)
 *(.text)
 .text          0x0000000008000198       0x40 c:/st/stm32cubeide_1.12.1/stm32cubeide/plugins/com.st.stm32cube.ide.mcu.externaltools.gnu-tools-for-stm32.10.3-2021.10.win32_1.0.200.202301161003/tools/bin/../lib/gcc/arm-none-eabi/10.3.1/thumb/v7e-m+fp/hard/crtbegin.o
 .text          0x00000000080001d8      0x378 c:/st/stm32cubeide_1.12.1/stm32cubeide/plugins/com.st.stm32cube.ide.mcu.externaltools.gnu-tools-for-stm32.10.3-2021.10.win32_1.0.200.202301161003/tools/bin/../lib/gcc/arm-none-eabi/10.3.1/thumb/v7e-m+fp/hard\libgcc.a(_arm_addsubdf3.o)
                0x00000000080001d8                __aeabi_drsub
                0x00000000080001e0                __aeabi_dsub
                0x00000000080001e0                __subdf3
                0x00000000080001e4                __aeabi_dadd
                0x00000000080001e4                __adddf3
                0x000000000800045c                __floatunsidf
                0x000000000800045c                __aeabi_ui2d
                0x000000000800047c                __floatsidf
                0x000000000800047c                __aeabi_i2d
                0x00000000080004a0                __aeabi_f2d
                0x00000000080004a0                __extendsfdf2
                0x00000000080004e4                __floatundidf
                0x00000000080004e4                __aeabi_ul2d
                0x00000000080004f4                __floatdidf
                0x00000000080004f4                __aeabi_l2d
 .text          0x0000000008000550      0x424 c:/st/stm32cubeide_1.12.1/stm32cubeide/plugins/com.st.stm32cube.ide.mcu.externaltools.gnu-tools-for-stm32.10.3-2021.10.win32_1.0.200.202301161003/tools/bin/../lib/gcc/arm-none-eabi/10.3.1/thumb/v7e-m+fp/hard\libgcc.a(_arm_muldivdf3.o)
                0x0000000008000550                __aeabi_dmul
                0x0000000008000550                __muldf3
                0x00000000080007a4                __divdf3
                0x00000000080007a4                __aeabi_ddiv
 .text          0x0000000008000974       0x30 c:/st/stm32cubeide_1.12.1/stm32cubeide/plugins/com.st.stm32cube.ide.mcu.externaltools.gnu-tools-for-stm32.10.3-2021.10.win32_1.0.200.202301161003/tools/bin/../lib/gcc/arm-none-eabi/10.3.1/thumb/v7e-m+fp/hard\libgcc.a(_aeabi_uldivmod.o)
                0x0000000008000974                __aeabi_uldivmod
 .text          0x00000000080009a4      0x2d0 c:/st/stm32cubeide_1.12.1/stm32cubeide/plugins/com.st.stm32cube.ide.mcu.externaltools.gnu-tools-for-stm32.10.3-2021.10.win32_1.0.200.202301161003/tools/bin/../lib/gcc/arm-none-eabi/10.3.1/thumb/v7e-m+fp/hard\libgcc.a(_udivmoddi4.o)
                0x00000000080009a4                __udivmoddi4
 .text          0x0000000008000c74        0x4 c:/st/stm32cubeide_1.12.1/stm32cubeide/plugins/com.st.stm32cube.ide.mcu.externaltools.gnu-tools-for-stm32.10.3-2021.10.win32_1.0.200.202301161003/tools/bin/../lib/gcc/arm-none-eabi/10.3.1/thumb/v7e-m+fp/hard\libgcc.a(_dvmd_tls.o)
                0x0000000008000c74                __aeabi_idiv0
                0x0000000008000c74                __aeabi_ldiv0
 *(.text*)
 .text.BME280_Init
                0x0000000008000c78       0x98 ./Core/Src/BME280.o
                0x0000000008000c78                BME280_Init
 .text.BME280_setMode
                0x0000000008000d10       0xb4 ./Core/Src/BME280.o
                0x0000000008000d10                BME280_setMode
 .text.BME280_setHumdOS
                0x0000000008000dc4       0x54 ./Core/Src/BME280.o
                0x0000000008000dc4                BME280_setHumdOS
 .text.BME280_getHumd
                0x0000000008000e18       0x70 ./Core/Src/BME280.o
                0x0000000008000e18                BME280_getHumd
 .text.main     0x0000000008000e88       0xd0 ./Core/Src/main.o
                0x0000000008000e88                main
 .text.SystemClock_Config
                0x0000000008000f58       0xdc ./Core/Src/main.o
                0x0000000008000f58                SystemClock_Config
 .text.MX_ADC1_Init
                0x0000000008001034       0xa4 ./Core/Src/main.o
 .text.MX_I2C1_Init
                0x00000000080010d8       0x5c ./Core/Src/main.o
 .text.MX_SPI1_Init
                0x0000000008001134       0x6c ./Core/Src/main.o
 .text.MX_GPIO_Init
                0x00000000080011a0      0x12c ./Core/Src/main.o
 .text.Error_Handler
                0x00000000080012cc        0xa ./Core/Src/main.o
                0x00000000080012cc                Error_Handler
 *fill*         0x00000000080012d6        0x2 
 .text.HAL_MspInit
                0x00000000080012d8       0x50 ./Core/Src/stm32f4xx_hal_msp.o
                0x00000000080012d8                HAL_MspInit
 .text.HAL_ADC_MspInit
                0x0000000008001328       0x88 ./Core/Src/stm32f4xx_hal_msp.o
                0x0000000008001328                HAL_ADC_MspInit
 .text.HAL_I2C_MspInit
                0x00000000080013b0       0x90 ./Core/Src/stm32f4xx_hal_msp.o
                0x00000000080013b0                HAL_I2C_MspInit
 .text.HAL_SPI_MspInit
                0x0000000008001440       0x90 ./Core/Src/stm32f4xx_hal_msp.o
                0x0000000008001440                HAL_SPI_MspInit
 .text.NMI_Handler
                0x00000000080014d0        0x6 ./Core/Src/stm32f4xx_it.o
                0x00000000080014d0                NMI_Handler
 .text.HardFault_Handler
                0x00000000080014d6        0x6 ./Core/Src/stm32f4xx_it.o
                0x00000000080014d6                HardFault_Handler
 .text.MemManage_Handler
                0x00000000080014dc        0x6 ./Core/Src/stm32f4xx_it.o
                0x00000000080014dc                MemManage_Handler
 .text.BusFault_Handler
                0x00000000080014e2        0x6 ./Core/Src/stm32f4xx_it.o
                0x00000000080014e2                BusFault_Handler
 .text.UsageFault_Handler
                0x00000000080014e8        0x6 ./Core/Src/stm32f4xx_it.o
                0x00000000080014e8                UsageFault_Handler
 .text.SVC_Handler
                0x00000000080014ee        0xe ./Core/Src/stm32f4xx_it.o
                0x00000000080014ee                SVC_Handler
 .text.DebugMon_Handler
                0x00000000080014fc        0xe ./Core/Src/stm32f4xx_it.o
                0x00000000080014fc                DebugMon_Handler
 .text.PendSV_Handler
                0x000000000800150a        0xe ./Core/Src/stm32f4xx_it.o
                0x000000000800150a                PendSV_Handler
 .text.SysTick_Handler
                0x0000000008001518        0xc ./Core/Src/stm32f4xx_it.o
                0x0000000008001518                SysTick_Handler
 .text.OTG_FS_IRQHandler
                0x0000000008001524       0x14 ./Core/Src/stm32f4xx_it.o
                0x0000000008001524                OTG_FS_IRQHandler
 .text.SystemInit
                0x0000000008001538       0x24 ./Core/Src/system_stm32f4xx.o
                0x0000000008001538                SystemInit
 .text.Reset_Handler
                0x000000000800155c       0x50 ./Core/Startup/startup_stm32f401rctx.o
                0x000000000800155c                Reset_Handler
 .text.Default_Handler
                0x00000000080015ac        0x2 ./Core/Startup/startup_stm32f401rctx.o
                0x00000000080015ac                RTC_Alarm_IRQHandler
                0x00000000080015ac                EXTI2_IRQHandler
                0x00000000080015ac                SPI4_IRQHandler
                0x00000000080015ac                TIM1_CC_IRQHandler
                0x00000000080015ac                DMA2_Stream5_IRQHandler
                0x00000000080015ac                DMA1_Stream5_IRQHandler
                0x00000000080015ac                PVD_IRQHandler
                0x00000000080015ac                SDIO_IRQHandler
                0x00000000080015ac                TAMP_STAMP_IRQHandler
                0x00000000080015ac                EXTI3_IRQHandler
                0x00000000080015ac                TIM1_UP_TIM10_IRQHandler
                0x00000000080015ac                I2C3_ER_IRQHandler
                0x00000000080015ac                EXTI0_IRQHandler
                0x00000000080015ac                I2C2_EV_IRQHandler
                0x00000000080015ac                DMA1_Stream2_IRQHandler
                0x00000000080015ac                FPU_IRQHandler
                0x00000000080015ac                DMA2_Stream2_IRQHandler
                0x00000000080015ac                SPI1_IRQHandler
                0x00000000080015ac                TIM1_BRK_TIM9_IRQHandler
                0x00000000080015ac                DMA2_Stream3_IRQHandler
                0x00000000080015ac                USART6_IRQHandler
                0x00000000080015ac                DMA2_Stream0_IRQHandler
                0x00000000080015ac                TIM4_IRQHandler
                0x00000000080015ac                I2C1_EV_IRQHandler
                0x00000000080015ac                DMA1_Stream6_IRQHandler
                0x00000000080015ac                DMA1_Stream1_IRQHandler
                0x00000000080015ac                TIM3_IRQHandler
                0x00000000080015ac                RCC_IRQHandler
                0x00000000080015ac                Default_Handler
                0x00000000080015ac                EXTI15_10_IRQHandler
                0x00000000080015ac                ADC_IRQHandler
                0x00000000080015ac                DMA1_Stream7_IRQHandler
                0x00000000080015ac                TIM5_IRQHandler
                0x00000000080015ac                DMA2_Stream7_IRQHandler
                0x00000000080015ac                I2C3_EV_IRQHandler
                0x00000000080015ac                EXTI9_5_IRQHandler
                0x00000000080015ac                RTC_WKUP_IRQHandler
                0x00000000080015ac                SPI2_IRQHandler
                0x00000000080015ac                DMA1_Stream0_IRQHandler
                0x00000000080015ac                EXTI4_IRQHandler
                0x00000000080015ac                WWDG_IRQHandler
                0x00000000080015ac                TIM2_IRQHandler
                0x00000000080015ac                OTG_FS_WKUP_IRQHandler
                0x00000000080015ac                TIM1_TRG_COM_TIM11_IRQHandler
                0x00000000080015ac                EXTI1_IRQHandler
                0x00000000080015ac                USART2_IRQHandler
                0x00000000080015ac                I2C2_ER_IRQHandler
                0x00000000080015ac                DMA2_Stream1_IRQHandler
                0x00000000080015ac                FLASH_IRQHandler
                0x00000000080015ac                DMA2_Stream4_IRQHandler
                0x00000000080015ac                USART1_IRQHandler
                0x00000000080015ac                SPI3_IRQHandler
                0x00000000080015ac                DMA1_Stream4_IRQHandler
                0x00000000080015ac                I2C1_ER_IRQHandler
                0x00000000080015ac                DMA2_Stream6_IRQHandler
                0x00000000080015ac                DMA1_Stream3_IRQHandler
 *fill*         0x00000000080015ae        0x2 
 .text.HAL_Init
                0x00000000080015b0       0x44 ./Drivers/STM32F4xx_HAL_Driver/Src/stm32f4xx_hal.o
                0x00000000080015b0                HAL_Init
 .text.HAL_InitTick
                0x00000000080015f4       0x60 ./Drivers/STM32F4xx_HAL_Driver/Src/stm32f4xx_hal.o
                0x00000000080015f4                HAL_InitTick
 .text.HAL_IncTick
                0x0000000008001654       0x28 ./Drivers/STM32F4xx_HAL_Driver/Src/stm32f4xx_hal.o
                0x0000000008001654                HAL_IncTick
 .text.HAL_GetTick
                0x000000000800167c       0x18 ./Drivers/STM32F4xx_HAL_Driver/Src/stm32f4xx_hal.o
                0x000000000800167c                HAL_GetTick
 .text.HAL_Delay
                0x0000000008001694       0x48 ./Drivers/STM32F4xx_HAL_Driver/Src/stm32f4xx_hal.o
                0x0000000008001694                HAL_Delay
 .text.HAL_ADC_Init
                0x00000000080016dc       0x86 ./Drivers/STM32F4xx_HAL_Driver/Src/stm32f4xx_hal_adc.o
                0x00000000080016dc                HAL_ADC_Init
 *fill*         0x0000000008001762        0x2 
 .text.HAL_ADC_Start
                0x0000000008001764      0x168 ./Drivers/STM32F4xx_HAL_Driver/Src/stm32f4xx_hal_adc.o
                0x0000000008001764                HAL_ADC_Start
 .text.HAL_ADC_Stop
                0x00000000080018cc       0x66 ./Drivers/STM32F4xx_HAL_Driver/Src/stm32f4xx_hal_adc.o
                0x00000000080018cc                HAL_ADC_Stop
 .text.HAL_ADC_PollForConversion
                0x0000000008001932      0x116 ./Drivers/STM32F4xx_HAL_Driver/Src/stm32f4xx_hal_adc.o
                0x0000000008001932                HAL_ADC_PollForConversion
 .text.HAL_ADC_GetValue
                0x0000000008001a48       0x1a ./Drivers/STM32F4xx_HAL_Driver/Src/stm32f4xx_hal_adc.o
                0x0000000008001a48                HAL_ADC_GetValue
 *fill*         0x0000000008001a62        0x2 
 .text.HAL_ADC_ConfigChannel
                0x0000000008001a64      0x244 ./Drivers/STM32F4xx_HAL_Driver/Src/stm32f4xx_hal_adc.o
                0x0000000008001a64                HAL_ADC_ConfigChannel
 .text.ADC_Init
                0x0000000008001ca8      0x1f8 ./Drivers/STM32F4xx_HAL_Driver/Src/stm32f4xx_hal_adc.o
 .text.__NVIC_SetPriorityGrouping
                0x0000000008001ea0       0x48 ./Drivers/STM32F4xx_HAL_Driver/Src/stm32f4xx_hal_cortex.o
 .text.__NVIC_GetPriorityGrouping
                0x0000000008001ee8       0x1c ./Drivers/STM32F4xx_HAL_Driver/Src/stm32f4xx_hal_cortex.o
 .text.__NVIC_EnableIRQ
                0x0000000008001f04       0x3c ./Drivers/STM32F4xx_HAL_Driver/Src/stm32f4xx_hal_cortex.o
 .text.__NVIC_SetPriority
                0x0000000008001f40       0x54 ./Drivers/STM32F4xx_HAL_Driver/Src/stm32f4xx_hal_cortex.o
 .text.NVIC_EncodePriority
                0x0000000008001f94       0x66 ./Drivers/STM32F4xx_HAL_Driver/Src/stm32f4xx_hal_cortex.o
 *fill*         0x0000000008001ffa        0x2 
 .text.SysTick_Config
                0x0000000008001ffc       0x44 ./Drivers/STM32F4xx_HAL_Driver/Src/stm32f4xx_hal_cortex.o
 .text.HAL_NVIC_SetPriorityGrouping
                0x0000000008002040       0x16 ./Drivers/STM32F4xx_HAL_Driver/Src/stm32f4xx_hal_cortex.o
                0x0000000008002040                HAL_NVIC_SetPriorityGrouping
 .text.HAL_NVIC_SetPriority
                0x0000000008002056       0x38 ./Drivers/STM32F4xx_HAL_Driver/Src/stm32f4xx_hal_cortex.o
                0x0000000008002056                HAL_NVIC_SetPriority
 .text.HAL_NVIC_EnableIRQ
                0x000000000800208e       0x1c ./Drivers/STM32F4xx_HAL_Driver/Src/stm32f4xx_hal_cortex.o
                0x000000000800208e                HAL_NVIC_EnableIRQ
 .text.HAL_SYSTICK_Config
                0x00000000080020aa       0x18 ./Drivers/STM32F4xx_HAL_Driver/Src/stm32f4xx_hal_cortex.o
                0x00000000080020aa                HAL_SYSTICK_Config
 *fill*         0x00000000080020c2        0x2 
 .text.HAL_GPIO_Init
                0x00000000080020c4      0x308 ./Drivers/STM32F4xx_HAL_Driver/Src/stm32f4xx_hal_gpio.o
                0x00000000080020c4                HAL_GPIO_Init
 .text.HAL_GPIO_WritePin
                0x00000000080023cc       0x32 ./Drivers/STM32F4xx_HAL_Driver/Src/stm32f4xx_hal_gpio.o
                0x00000000080023cc                HAL_GPIO_WritePin
 *fill*         0x00000000080023fe        0x2 
 .text.HAL_I2C_Init
                0x0000000008002400      0x288 ./Drivers/STM32F4xx_HAL_Driver/Src/stm32f4xx_hal_i2c.o
                0x0000000008002400                HAL_I2C_Init
 .text.HAL_PCD_Init
                0x0000000008002688      0x23a ./Drivers/STM32F4xx_HAL_Driver/Src/stm32f4xx_hal_pcd.o
                0x0000000008002688                HAL_PCD_Init
 .text.HAL_PCD_Start
                0x00000000080028c2       0x66 ./Drivers/STM32F4xx_HAL_Driver/Src/stm32f4xx_hal_pcd.o
                0x00000000080028c2                HAL_PCD_Start
 .text.HAL_PCD_IRQHandler
                0x0000000008002928      0x93e ./Drivers/STM32F4xx_HAL_Driver/Src/stm32f4xx_hal_pcd.o
                0x0000000008002928                HAL_PCD_IRQHandler
 .text.HAL_PCD_SetAddress
                0x0000000008003266       0x4a ./Drivers/STM32F4xx_HAL_Driver/Src/stm32f4xx_hal_pcd.o
                0x0000000008003266                HAL_PCD_SetAddress
 .text.HAL_PCD_EP_Open
                0x00000000080032b0       0xd0 ./Drivers/STM32F4xx_HAL_Driver/Src/stm32f4xx_hal_pcd.o
                0x00000000080032b0                HAL_PCD_EP_Open
 .text.HAL_PCD_EP_Close
                0x0000000008003380       0x94 ./Drivers/STM32F4xx_HAL_Driver/Src/stm32f4xx_hal_pcd.o
                0x0000000008003380                HAL_PCD_EP_Close
 .text.HAL_PCD_EP_Receive
                0x0000000008003414       0x96 ./Drivers/STM32F4xx_HAL_Driver/Src/stm32f4xx_hal_pcd.o
                0x0000000008003414                HAL_PCD_EP_Receive
 .text.HAL_PCD_EP_GetRxCount
                0x00000000080034aa       0x30 ./Drivers/STM32F4xx_HAL_Driver/Src/stm32f4xx_hal_pcd.o
                0x00000000080034aa                HAL_PCD_EP_GetRxCount
 .text.HAL_PCD_EP_Transmit
                0x00000000080034da       0x94 ./Drivers/STM32F4xx_HAL_Driver/Src/stm32f4xx_hal_pcd.o
                0x00000000080034da                HAL_PCD_EP_Transmit
 .text.HAL_PCD_EP_SetStall
                0x000000000800356e       0xc8 ./Drivers/STM32F4xx_HAL_Driver/Src/stm32f4xx_hal_pcd.o
                0x000000000800356e                HAL_PCD_EP_SetStall
 .text.HAL_PCD_EP_ClrStall
                0x0000000008003636       0xac ./Drivers/STM32F4xx_HAL_Driver/Src/stm32f4xx_hal_pcd.o
                0x0000000008003636                HAL_PCD_EP_ClrStall
 .text.HAL_PCD_EP_Abort
                0x00000000080036e2       0x62 ./Drivers/STM32F4xx_HAL_Driver/Src/stm32f4xx_hal_pcd.o
                0x00000000080036e2                HAL_PCD_EP_Abort
 .text.PCD_WriteEmptyTxFifo
                0x0000000008003744      0x11a ./Drivers/STM32F4xx_HAL_Driver/Src/stm32f4xx_hal_pcd.o
 *fill*         0x000000000800385e        0x2 
 .text.PCD_EP_OutXfrComplete_int
                0x0000000008003860      0x1d0 ./Drivers/STM32F4xx_HAL_Driver/Src/stm32f4xx_hal_pcd.o
 .text.PCD_EP_OutSetupPacket_int
                0x0000000008003a30       0x8c ./Drivers/STM32F4xx_HAL_Driver/Src/stm32f4xx_hal_pcd.o
 .text.HAL_PCDEx_SetTxFiFo
                0x0000000008003abc       0x8e ./Drivers/STM32F4xx_HAL_Driver/Src/stm32f4xx_hal_pcd_ex.o
                0x0000000008003abc                HAL_PCDEx_SetTxFiFo
 .text.HAL_PCDEx_SetRxFiFo
                0x0000000008003b4a       0x22 ./Drivers/STM32F4xx_HAL_Driver/Src/stm32f4xx_hal_pcd_ex.o
                0x0000000008003b4a                HAL_PCDEx_SetRxFiFo
 .text.HAL_PCDEx_LPM_Callback
                0x0000000008003b6c       0x18 ./Drivers/STM32F4xx_HAL_Driver/Src/stm32f4xx_hal_pcd_ex.o
                0x0000000008003b6c                HAL_PCDEx_LPM_Callback
 .text.HAL_RCC_OscConfig
                0x0000000008003b84      0x4f0 ./Drivers/STM32F4xx_HAL_Driver/Src/stm32f4xx_hal_rcc.o
                0x0000000008003b84                HAL_RCC_OscConfig
 .text.HAL_RCC_ClockConfig
                0x0000000008004074      0x1cc ./Drivers/STM32F4xx_HAL_Driver/Src/stm32f4xx_hal_rcc.o
                0x0000000008004074                HAL_RCC_ClockConfig
 .text.HAL_RCC_GetSysClockFreq
                0x0000000008004240      0x208 ./Drivers/STM32F4xx_HAL_Driver/Src/stm32f4xx_hal_rcc.o
                0x0000000008004240                HAL_RCC_GetSysClockFreq
 .text.HAL_RCC_GetHCLKFreq
                0x0000000008004448       0x18 ./Drivers/STM32F4xx_HAL_Driver/Src/stm32f4xx_hal_rcc.o
                0x0000000008004448                HAL_RCC_GetHCLKFreq
 .text.HAL_RCC_GetPCLK1Freq
                0x0000000008004460       0x28 ./Drivers/STM32F4xx_HAL_Driver/Src/stm32f4xx_hal_rcc.o
                0x0000000008004460                HAL_RCC_GetPCLK1Freq
 .text.HAL_SPI_Init
                0x0000000008004488      0x112 ./Drivers/STM32F4xx_HAL_Driver/Src/stm32f4xx_hal_spi.o
                0x0000000008004488                HAL_SPI_Init
 .text.HAL_SPI_Transmit
                0x000000000800459a      0x278 ./Drivers/STM32F4xx_HAL_Driver/Src/stm32f4xx_hal_spi.o
                0x000000000800459a                HAL_SPI_Transmit
 .text.HAL_SPI_Receive
                0x0000000008004812      0x222 ./Drivers/STM32F4xx_HAL_Driver/Src/stm32f4xx_hal_spi.o
                0x0000000008004812                HAL_SPI_Receive
 .text.HAL_SPI_TransmitReceive
                0x0000000008004a34      0x344 ./Drivers/STM32F4xx_HAL_Driver/Src/stm32f4xx_hal_spi.o
                0x0000000008004a34                HAL_SPI_TransmitReceive
 .text.SPI_WaitFlagStateUntilTimeout
                0x0000000008004d78      0x110 ./Drivers/STM32F4xx_HAL_Driver/Src/stm32f4xx_hal_spi.o
 .text.SPI_EndRxTransaction
                0x0000000008004e88       0xca ./Drivers/STM32F4xx_HAL_Driver/Src/stm32f4xx_hal_spi.o
 *fill*         0x0000000008004f52        0x2 
 .text.SPI_EndRxTxTransaction
                0x0000000008004f54       0x84 ./Drivers/STM32F4xx_HAL_Driver/Src/stm32f4xx_hal_spi.o
 .text.USB_CoreInit
                0x0000000008004fd8       0xc2 ./Drivers/STM32F4xx_HAL_Driver/Src/stm32f4xx_ll_usb.o
                0x0000000008004fd8                USB_CoreInit
 *fill*         0x000000000800509a        0x2 
 .text.USB_SetTurnaroundTime
                0x000000000800509c      0x144 ./Drivers/STM32F4xx_HAL_Driver/Src/stm32f4xx_ll_usb.o
                0x000000000800509c                USB_SetTurnaroundTime
 .text.USB_EnableGlobalInt
                0x00000000080051e0       0x22 ./Drivers/STM32F4xx_HAL_Driver/Src/stm32f4xx_ll_usb.o
                0x00000000080051e0                USB_EnableGlobalInt
 .text.USB_DisableGlobalInt
                0x0000000008005202       0x22 ./Drivers/STM32F4xx_HAL_Driver/Src/stm32f4xx_ll_usb.o
                0x0000000008005202                USB_DisableGlobalInt
 .text.USB_SetCurrentMode
                0x0000000008005224       0x98 ./Drivers/STM32F4xx_HAL_Driver/Src/stm32f4xx_ll_usb.o
                0x0000000008005224                USB_SetCurrentMode
 .text.USB_DevInit
                0x00000000080052bc      0x2c8 ./Drivers/STM32F4xx_HAL_Driver/Src/stm32f4xx_ll_usb.o
                0x00000000080052bc                USB_DevInit
 .text.USB_FlushTxFifo
                0x0000000008005584       0x68 ./Drivers/STM32F4xx_HAL_Driver/Src/stm32f4xx_ll_usb.o
                0x0000000008005584                USB_FlushTxFifo
 .text.USB_FlushRxFifo
                0x00000000080055ec       0x60 ./Drivers/STM32F4xx_HAL_Driver/Src/stm32f4xx_ll_usb.o
                0x00000000080055ec                USB_FlushRxFifo
 .text.USB_SetDevSpeed
                0x000000000800564c       0x32 ./Drivers/STM32F4xx_HAL_Driver/Src/stm32f4xx_ll_usb.o
                0x000000000800564c                USB_SetDevSpeed
 .text.USB_GetDevSpeed
                0x000000000800567e       0x4a ./Drivers/STM32F4xx_HAL_Driver/Src/stm32f4xx_ll_usb.o
                0x000000000800567e                USB_GetDevSpeed
 .text.USB_ActivateEndpoint
                0x00000000080056c8      0x10e ./Drivers/STM32F4xx_HAL_Driver/Src/stm32f4xx_ll_usb.o
                0x00000000080056c8                USB_ActivateEndpoint
 *fill*         0x00000000080057d6        0x2 
 .text.USB_DeactivateEndpoint
                0x00000000080057d8      0x1b8 ./Drivers/STM32F4xx_HAL_Driver/Src/stm32f4xx_ll_usb.o
                0x00000000080057d8                USB_DeactivateEndpoint
 .text.USB_EPStartXfer
                0x0000000008005990      0x490 ./Drivers/STM32F4xx_HAL_Driver/Src/stm32f4xx_ll_usb.o
                0x0000000008005990                USB_EPStartXfer
 .text.USB_EP0StartXfer
                0x0000000008005e20      0x2b0 ./Drivers/STM32F4xx_HAL_Driver/Src/stm32f4xx_ll_usb.o
                0x0000000008005e20                USB_EP0StartXfer
 .text.USB_EPStopXfer
                0x00000000080060d0      0x154 ./Drivers/STM32F4xx_HAL_Driver/Src/stm32f4xx_ll_usb.o
                0x00000000080060d0                USB_EPStopXfer
 .text.USB_WritePacket
                0x0000000008006224       0x7c ./Drivers/STM32F4xx_HAL_Driver/Src/stm32f4xx_ll_usb.o
                0x0000000008006224                USB_WritePacket
 .text.USB_ReadPacket
                0x00000000080062a0       0xb0 ./Drivers/STM32F4xx_HAL_Driver/Src/stm32f4xx_ll_usb.o
                0x00000000080062a0                USB_ReadPacket
 .text.USB_EPSetStall
                0x0000000008006350       0xdc ./Drivers/STM32F4xx_HAL_Driver/Src/stm32f4xx_ll_usb.o
                0x0000000008006350                USB_EPSetStall
 .text.USB_EPClearStall
                0x000000000800642c       0xcc ./Drivers/STM32F4xx_HAL_Driver/Src/stm32f4xx_ll_usb.o
                0x000000000800642c                USB_EPClearStall
 .text.USB_SetDevAddress
                0x00000000080064f8       0x4c ./Drivers/STM32F4xx_HAL_Driver/Src/stm32f4xx_ll_usb.o
                0x00000000080064f8                USB_SetDevAddress
 .text.USB_DevConnect
                0x0000000008006544       0x42 ./Drivers/STM32F4xx_HAL_Driver/Src/stm32f4xx_ll_usb.o
                0x0000000008006544                USB_DevConnect
 .text.USB_DevDisconnect
                0x0000000008006586       0x42 ./Drivers/STM32F4xx_HAL_Driver/Src/stm32f4xx_ll_usb.o
                0x0000000008006586                USB_DevDisconnect
 .text.USB_ReadInterrupts
                0x00000000080065c8       0x26 ./Drivers/STM32F4xx_HAL_Driver/Src/stm32f4xx_ll_usb.o
                0x00000000080065c8                USB_ReadInterrupts
 .text.USB_ReadDevAllOutEpInterrupt
                0x00000000080065ee       0x34 ./Drivers/STM32F4xx_HAL_Driver/Src/stm32f4xx_ll_usb.o
                0x00000000080065ee                USB_ReadDevAllOutEpInterrupt
 .text.USB_ReadDevAllInEpInterrupt
                0x0000000008006622       0x34 ./Drivers/STM32F4xx_HAL_Driver/Src/stm32f4xx_ll_usb.o
                0x0000000008006622                USB_ReadDevAllInEpInterrupt
 .text.USB_ReadDevOutEPInterrupt
                0x0000000008006656       0x3c ./Drivers/STM32F4xx_HAL_Driver/Src/stm32f4xx_ll_usb.o
                0x0000000008006656                USB_ReadDevOutEPInterrupt
 .text.USB_ReadDevInEPInterrupt
                0x0000000008006692       0x5c ./Drivers/STM32F4xx_HAL_Driver/Src/stm32f4xx_ll_usb.o
                0x0000000008006692                USB_ReadDevInEPInterrupt
 .text.USB_GetMode
                0x00000000080066ee       0x1c ./Drivers/STM32F4xx_HAL_Driver/Src/stm32f4xx_ll_usb.o
                0x00000000080066ee                USB_GetMode
 .text.USB_ActivateSetup
                0x000000000800670a       0x46 ./Drivers/STM32F4xx_HAL_Driver/Src/stm32f4xx_ll_usb.o
                0x000000000800670a                USB_ActivateSetup
 .text.USB_EP0_OutStart
                0x0000000008006750       0xbc ./Drivers/STM32F4xx_HAL_Driver/Src/stm32f4xx_ll_usb.o
                0x0000000008006750                USB_EP0_OutStart
 .text.USB_CoreReset
                0x000000000800680c       0x68 ./Drivers/STM32F4xx_HAL_Driver/Src/stm32f4xx_ll_usb.o
 .text.USBD_CDC_Init
                0x0000000008006874      0x1f0 ./Middlewares/ST/STM32_USB_Device_Library/Class/CDC/Src/usbd_cdc.o
 .text.USBD_CDC_DeInit
                0x0000000008006a64      0x104 ./Middlewares/ST/STM32_USB_Device_Library/Class/CDC/Src/usbd_cdc.o
 .text.USBD_CDC_Setup
                0x0000000008006b68      0x1b8 ./Middlewares/ST/STM32_USB_Device_Library/Class/CDC/Src/usbd_cdc.o
 .text.USBD_CDC_DataIn
                0x0000000008006d20       0xfe ./Middlewares/ST/STM32_USB_Device_Library/Class/CDC/Src/usbd_cdc.o
 .text.USBD_CDC_DataOut
                0x0000000008006e1e       0x70 ./Middlewares/ST/STM32_USB_Device_Library/Class/CDC/Src/usbd_cdc.o
 .text.USBD_CDC_EP0_RxReady
                0x0000000008006e8e       0x76 ./Middlewares/ST/STM32_USB_Device_Library/Class/CDC/Src/usbd_cdc.o
 .text.USBD_CDC_GetFSCfgDesc
                0x0000000008006f04       0x70 ./Middlewares/ST/STM32_USB_Device_Library/Class/CDC/Src/usbd_cdc.o
 .text.USBD_CDC_GetHSCfgDesc
                0x0000000008006f74       0x70 ./Middlewares/ST/STM32_USB_Device_Library/Class/CDC/Src/usbd_cdc.o
 .text.USBD_CDC_GetOtherSpeedCfgDesc
                0x0000000008006fe4       0x70 ./Middlewares/ST/STM32_USB_Device_Library/Class/CDC/Src/usbd_cdc.o
 .text.USBD_CDC_GetDeviceQualifierDescriptor
                0x0000000008007054       0x20 ./Middlewares/ST/STM32_USB_Device_Library/Class/CDC/Src/usbd_cdc.o
                0x0000000008007054                USBD_CDC_GetDeviceQualifierDescriptor
 .text.USBD_CDC_RegisterInterface
                0x0000000008007074       0x34 ./Middlewares/ST/STM32_USB_Device_Library/Class/CDC/Src/usbd_cdc.o
                0x0000000008007074                USBD_CDC_RegisterInterface
 .text.USBD_CDC_SetTxBuffer
                0x00000000080070a8       0x44 ./Middlewares/ST/STM32_USB_Device_Library/Class/CDC/Src/usbd_cdc.o
                0x00000000080070a8                USBD_CDC_SetTxBuffer
 .text.USBD_CDC_SetRxBuffer
                0x00000000080070ec       0x3a ./Middlewares/ST/STM32_USB_Device_Library/Class/CDC/Src/usbd_cdc.o
                0x00000000080070ec                USBD_CDC_SetRxBuffer
 *fill*         0x0000000008007126        0x2 
 .text.USBD_CDC_ReceivePacket
                0x0000000008007128       0x6c ./Middlewares/ST/STM32_USB_Device_Library/Class/CDC/Src/usbd_cdc.o
                0x0000000008007128                USBD_CDC_ReceivePacket
 .text.USBD_Init
                0x0000000008007194       0x60 ./Middlewares/ST/STM32_USB_Device_Library/Core/Src/usbd_core.o
                0x0000000008007194                USBD_Init
 .text.USBD_RegisterClass
                0x00000000080071f4       0x6c ./Middlewares/ST/STM32_USB_Device_Library/Core/Src/usbd_core.o
                0x00000000080071f4                USBD_RegisterClass
 .text.USBD_Start
                0x0000000008007260       0x18 ./Middlewares/ST/STM32_USB_Device_Library/Core/Src/usbd_core.o
                0x0000000008007260                USBD_Start
 .text.USBD_RunTestMode
                0x0000000008007278       0x16 ./Middlewares/ST/STM32_USB_Device_Library/Core/Src/usbd_core.o
                0x0000000008007278                USBD_RunTestMode
 .text.USBD_SetClassConfig
                0x000000000800728e       0x38 ./Middlewares/ST/STM32_USB_Device_Library/Core/Src/usbd_core.o
                0x000000000800728e                USBD_SetClassConfig
 .text.USBD_ClrClassConfig
                0x00000000080072c6       0x34 ./Middlewares/ST/STM32_USB_Device_Library/Core/Src/usbd_core.o
                0x00000000080072c6                USBD_ClrClassConfig
 .text.USBD_LL_SetupStage
                0x00000000080072fa       0xaa ./Middlewares/ST/STM32_USB_Device_Library/Core/Src/usbd_core.o
                0x00000000080072fa                USBD_LL_SetupStage
 .text.USBD_LL_DataOutStage
                0x00000000080073a4      0x166 ./Middlewares/ST/STM32_USB_Device_Library/Core/Src/usbd_core.o
                0x00000000080073a4                USBD_LL_DataOutStage
 .text.USBD_LL_DataInStage
                0x000000000800750a      0x164 ./Middlewares/ST/STM32_USB_Device_Library/Core/Src/usbd_core.o
                0x000000000800750a                USBD_LL_DataInStage
 .text.USBD_LL_Reset
                0x000000000800766e       0xa4 ./Middlewares/ST/STM32_USB_Device_Library/Core/Src/usbd_core.o
                0x000000000800766e                USBD_LL_Reset
 .text.USBD_LL_SetSpeed
                0x0000000008007712       0x20 ./Middlewares/ST/STM32_USB_Device_Library/Core/Src/usbd_core.o
                0x0000000008007712                USBD_LL_SetSpeed
 .text.USBD_LL_Suspend
                0x0000000008007732       0x2c ./Middlewares/ST/STM32_USB_Device_Library/Core/Src/usbd_core.o
                0x0000000008007732                USBD_LL_Suspend
 .text.USBD_LL_Resume
                0x000000000800775e       0x30 ./Middlewares/ST/STM32_USB_Device_Library/Core/Src/usbd_core.o
                0x000000000800775e                USBD_LL_Resume
 .text.USBD_LL_SOF
                0x000000000800778e       0x40 ./Middlewares/ST/STM32_USB_Device_Library/Core/Src/usbd_core.o
                0x000000000800778e                USBD_LL_SOF
 .text.USBD_LL_IsoINIncomplete
                0x00000000080077ce       0x64 ./Middlewares/ST/STM32_USB_Device_Library/Core/Src/usbd_core.o
                0x00000000080077ce                USBD_LL_IsoINIncomplete
 .text.USBD_LL_IsoOUTIncomplete
                0x0000000008007832       0x64 ./Middlewares/ST/STM32_USB_Device_Library/Core/Src/usbd_core.o
                0x0000000008007832                USBD_LL_IsoOUTIncomplete
 .text.USBD_LL_DevConnected
                0x0000000008007896       0x16 ./Middlewares/ST/STM32_USB_Device_Library/Core/Src/usbd_core.o
                0x0000000008007896                USBD_LL_DevConnected
 .text.USBD_LL_DevDisconnected
                0x00000000080078ac       0x46 ./Middlewares/ST/STM32_USB_Device_Library/Core/Src/usbd_core.o
                0x00000000080078ac                USBD_LL_DevDisconnected
 .text.USBD_CoreFindIF
                0x00000000080078f2       0x1a ./Middlewares/ST/STM32_USB_Device_Library/Core/Src/usbd_core.o
                0x00000000080078f2                USBD_CoreFindIF
 .text.USBD_CoreFindEP
                0x000000000800790c       0x1a ./Middlewares/ST/STM32_USB_Device_Library/Core/Src/usbd_core.o
                0x000000000800790c                USBD_CoreFindEP
 .text.USBD_GetEpDesc
                0x0000000008007926       0x74 ./Middlewares/ST/STM32_USB_Device_Library/Core/Src/usbd_core.o
                0x0000000008007926                USBD_GetEpDesc
 .text.USBD_GetNextDesc
                0x000000000800799a       0x3a ./Middlewares/ST/STM32_USB_Device_Library/Core/Src/usbd_core.o
                0x000000000800799a                USBD_GetNextDesc
 .text.SWAPBYTE
                0x00000000080079d4       0x3c ./Middlewares/ST/STM32_USB_Device_Library/Core/Src/usbd_ctlreq.o
 .text.USBD_StdDevReq
                0x0000000008007a10       0xe4 ./Middlewares/ST/STM32_USB_Device_Library/Core/Src/usbd_ctlreq.o
                0x0000000008007a10                USBD_StdDevReq
 .text.USBD_StdItfReq
                0x0000000008007af4       0xd8 ./Middlewares/ST/STM32_USB_Device_Library/Core/Src/usbd_ctlreq.o
                0x0000000008007af4                USBD_StdItfReq
 .text.USBD_StdEPReq
                0x0000000008007bcc      0x33a ./Middlewares/ST/STM32_USB_Device_Library/Core/Src/usbd_ctlreq.o
                0x0000000008007bcc                USBD_StdEPReq
 *fill*         0x0000000008007f06        0x2 
 .text.USBD_GetDescriptor
                0x0000000008007f08      0x2d4 ./Middlewares/ST/STM32_USB_Device_Library/Core/Src/usbd_ctlreq.o
 .text.USBD_SetAddress
                0x00000000080081dc       0x88 ./Middlewares/ST/STM32_USB_Device_Library/Core/Src/usbd_ctlreq.o
 .text.USBD_SetConfig
                0x0000000008008264      0x154 ./Middlewares/ST/STM32_USB_Device_Library/Core/Src/usbd_ctlreq.o
 .text.USBD_GetConfig
                0x00000000080083b8       0x6c ./Middlewares/ST/STM32_USB_Device_Library/Core/Src/usbd_ctlreq.o
 .text.USBD_GetStatus
                0x0000000008008424       0x68 ./Middlewares/ST/STM32_USB_Device_Library/Core/Src/usbd_ctlreq.o
 .text.USBD_SetFeature
                0x000000000800848c       0x52 ./Middlewares/ST/STM32_USB_Device_Library/Core/Src/usbd_ctlreq.o
 .text.USBD_ClrFeature
                0x00000000080084de       0x44 ./Middlewares/ST/STM32_USB_Device_Library/Core/Src/usbd_ctlreq.o
 .text.USBD_ParseSetupRequest
                0x0000000008008522       0x74 ./Middlewares/ST/STM32_USB_Device_Library/Core/Src/usbd_ctlreq.o
                0x0000000008008522                USBD_ParseSetupRequest
 .text.USBD_CtlError
                0x0000000008008596       0x22 ./Middlewares/ST/STM32_USB_Device_Library/Core/Src/usbd_ctlreq.o
                0x0000000008008596                USBD_CtlError
 .text.USBD_GetString
                0x00000000080085b8       0x8c ./Middlewares/ST/STM32_USB_Device_Library/Core/Src/usbd_ctlreq.o
                0x00000000080085b8                USBD_GetString
 .text.USBD_GetLen
                0x0000000008008644       0x34 ./Middlewares/ST/STM32_USB_Device_Library/Core/Src/usbd_ctlreq.o
 .text.USBD_CtlSendData
                0x0000000008008678       0x36 ./Middlewares/ST/STM32_USB_Device_Library/Core/Src/usbd_ioreq.o
                0x0000000008008678                USBD_CtlSendData
 .text.USBD_CtlContinueSendData
                0x00000000080086ae       0x22 ./Middlewares/ST/STM32_USB_Device_Library/Core/Src/usbd_ioreq.o
                0x00000000080086ae                USBD_CtlContinueSendData
 .text.USBD_CtlPrepareRx
                0x00000000080086d0       0x3a ./Middlewares/ST/STM32_USB_Device_Library/Core/Src/usbd_ioreq.o
                0x00000000080086d0                USBD_CtlPrepareRx
 .text.USBD_CtlContinueRx
                0x000000000800870a       0x22 ./Middlewares/ST/STM32_USB_Device_Library/Core/Src/usbd_ioreq.o
                0x000000000800870a                USBD_CtlContinueRx
 .text.USBD_CtlSendStatus
                0x000000000800872c       0x26 ./Middlewares/ST/STM32_USB_Device_Library/Core/Src/usbd_ioreq.o
                0x000000000800872c                USBD_CtlSendStatus
 .text.USBD_CtlReceiveStatus
                0x0000000008008752       0x26 ./Middlewares/ST/STM32_USB_Device_Library/Core/Src/usbd_ioreq.o
                0x0000000008008752                USBD_CtlReceiveStatus
 .text.MX_USB_DEVICE_Init
                0x0000000008008778       0x60 ./USB_DEVICE/App/usb_device.o
                0x0000000008008778                MX_USB_DEVICE_Init
 .text.CDC_Init_FS
                0x00000000080087d8       0x28 ./USB_DEVICE/App/usbd_cdc_if.o
 .text.CDC_DeInit_FS
                0x0000000008008800       0x10 ./USB_DEVICE/App/usbd_cdc_if.o
 .text.CDC_Control_FS
                0x0000000008008810       0xbc ./USB_DEVICE/App/usbd_cdc_if.o
 .text.CDC_Receive_FS
                0x00000000080088cc       0x28 ./USB_DEVICE/App/usbd_cdc_if.o
 .text.CDC_TransmitCplt_FS
                0x00000000080088f4       0x22 ./USB_DEVICE/App/usbd_cdc_if.o
 *fill*         0x0000000008008916        0x2 
 .text.USBD_FS_DeviceDescriptor
                0x0000000008008918       0x24 ./USB_DEVICE/App/usbd_desc.o
                0x0000000008008918                USBD_FS_DeviceDescriptor
 .text.USBD_FS_LangIDStrDescriptor
                0x000000000800893c       0x24 ./USB_DEVICE/App/usbd_desc.o
                0x000000000800893c                USBD_FS_LangIDStrDescriptor
 .text.USBD_FS_ProductStrDescriptor
                0x0000000008008960       0x3c ./USB_DEVICE/App/usbd_desc.o
                0x0000000008008960                USBD_FS_ProductStrDescriptor
 .text.USBD_FS_ManufacturerStrDescriptor
                0x000000000800899c       0x28 ./USB_DEVICE/App/usbd_desc.o
                0x000000000800899c                USBD_FS_ManufacturerStrDescriptor
 .text.USBD_FS_SerialStrDescriptor
                0x00000000080089c4       0x24 ./USB_DEVICE/App/usbd_desc.o
                0x00000000080089c4                USBD_FS_SerialStrDescriptor
 .text.USBD_FS_ConfigStrDescriptor
                0x00000000080089e8       0x3c ./USB_DEVICE/App/usbd_desc.o
                0x00000000080089e8                USBD_FS_ConfigStrDescriptor
 .text.USBD_FS_InterfaceStrDescriptor
                0x0000000008008a24       0x3c ./USB_DEVICE/App/usbd_desc.o
                0x0000000008008a24                USBD_FS_InterfaceStrDescriptor
 .text.Get_SerialNum
                0x0000000008008a60       0x58 ./USB_DEVICE/App/usbd_desc.o
 .text.IntToUnicode
                0x0000000008008ab8       0x7e ./USB_DEVICE/App/usbd_desc.o
 *fill*         0x0000000008008b36        0x2 
 .text.HAL_PCD_MspInit
                0x0000000008008b38       0xa8 ./USB_DEVICE/Target/usbd_conf.o
                0x0000000008008b38                HAL_PCD_MspInit
 .text.HAL_PCD_SetupStageCallback
                0x0000000008008be0       0x24 ./USB_DEVICE/Target/usbd_conf.o
                0x0000000008008be0                HAL_PCD_SetupStageCallback
 .text.HAL_PCD_DataOutStageCallback
                0x0000000008008c04       0x36 ./USB_DEVICE/Target/usbd_conf.o
                0x0000000008008c04                HAL_PCD_DataOutStageCallback
 .text.HAL_PCD_DataInStageCallback
                0x0000000008008c3a       0x34 ./USB_DEVICE/Target/usbd_conf.o
                0x0000000008008c3a                HAL_PCD_DataInStageCallback
 .text.HAL_PCD_SOFCallback
                0x0000000008008c6e       0x1c ./USB_DEVICE/Target/usbd_conf.o
                0x0000000008008c6e                HAL_PCD_SOFCallback
 .text.HAL_PCD_ResetCallback
                0x0000000008008c8a       0x3c ./USB_DEVICE/Target/usbd_conf.o
                0x0000000008008c8a                HAL_PCD_ResetCallback
 *fill*         0x0000000008008cc6        0x2 
 .text.HAL_PCD_SuspendCallback
                0x0000000008008cc8       0x4c ./USB_DEVICE/Target/usbd_conf.o
                0x0000000008008cc8                HAL_PCD_SuspendCallback
 .text.HAL_PCD_ResumeCallback
                0x0000000008008d14       0x1c ./USB_DEVICE/Target/usbd_conf.o
                0x0000000008008d14                HAL_PCD_ResumeCallback
 .text.HAL_PCD_ISOOUTIncompleteCallback
                0x0000000008008d30       0x24 ./USB_DEVICE/Target/usbd_conf.o
                0x0000000008008d30                HAL_PCD_ISOOUTIncompleteCallback
 .text.HAL_PCD_ISOINIncompleteCallback
                0x0000000008008d54       0x24 ./USB_DEVICE/Target/usbd_conf.o
                0x0000000008008d54                HAL_PCD_ISOINIncompleteCallback
 .text.HAL_PCD_ConnectCallback
                0x0000000008008d78       0x1c ./USB_DEVICE/Target/usbd_conf.o
                0x0000000008008d78                HAL_PCD_ConnectCallback
 .text.HAL_PCD_DisconnectCallback
                0x0000000008008d94       0x1c ./USB_DEVICE/Target/usbd_conf.o
                0x0000000008008d94                HAL_PCD_DisconnectCallback
 .text.USBD_LL_Init
                0x0000000008008db0       0x98 ./USB_DEVICE/Target/usbd_conf.o
                0x0000000008008db0                USBD_LL_Init
 .text.USBD_LL_Start
                0x0000000008008e48       0x36 ./USB_DEVICE/Target/usbd_conf.o
                0x0000000008008e48                USBD_LL_Start
 .text.USBD_LL_OpenEP
                0x0000000008008e7e       0x4c ./USB_DEVICE/Target/usbd_conf.o
                0x0000000008008e7e                USBD_LL_OpenEP
 .text.USBD_LL_CloseEP
                0x0000000008008eca       0x3e ./USB_DEVICE/Target/usbd_conf.o
                0x0000000008008eca                USBD_LL_CloseEP
 .text.USBD_LL_StallEP
                0x0000000008008f08       0x3e ./USB_DEVICE/Target/usbd_conf.o
                0x0000000008008f08                USBD_LL_StallEP
 .text.USBD_LL_ClearStallEP
                0x0000000008008f46       0x3e ./USB_DEVICE/Target/usbd_conf.o
                0x0000000008008f46                USBD_LL_ClearStallEP
 .text.USBD_LL_IsStallEP
                0x0000000008008f84       0x58 ./USB_DEVICE/Target/usbd_conf.o
                0x0000000008008f84                USBD_LL_IsStallEP
 .text.USBD_LL_SetUSBAddress
                0x0000000008008fdc       0x3e ./USB_DEVICE/Target/usbd_conf.o
                0x0000000008008fdc                USBD_LL_SetUSBAddress
 .text.USBD_LL_Transmit
                0x000000000800901a       0x42 ./USB_DEVICE/Target/usbd_conf.o
                0x000000000800901a                USBD_LL_Transmit
 .text.USBD_LL_PrepareReceive
                0x000000000800905c       0x42 ./USB_DEVICE/Target/usbd_conf.o
                0x000000000800905c                USBD_LL_PrepareReceive
 .text.USBD_LL_GetRxDataSize
                0x000000000800909e       0x26 ./USB_DEVICE/Target/usbd_conf.o
                0x000000000800909e                USBD_LL_GetRxDataSize
 .text.USBD_static_malloc
                0x00000000080090c4       0x1c ./USB_DEVICE/Target/usbd_conf.o
                0x00000000080090c4                USBD_static_malloc
 .text.USBD_static_free
                0x00000000080090e0       0x14 ./USB_DEVICE/Target/usbd_conf.o
                0x00000000080090e0                USBD_static_free
 .text.USBD_Get_USB_Status
                0x00000000080090f4       0x58 ./USB_DEVICE/Target/usbd_conf.o
                0x00000000080090f4                USBD_Get_USB_Status
 .text.__libc_init_array
                0x000000000800914c       0x48 c:/st/stm32cubeide_1.12.1/stm32cubeide/plugins/com.st.stm32cube.ide.mcu.externaltools.gnu-tools-for-stm32.10.3-2021.10.win32_1.0.200.202301161003/tools/bin/../lib/gcc/arm-none-eabi/10.3.1/../../../../arm-none-eabi/lib/thumb/v7e-m+fp/hard\libc_nano.a(lib_a-init.o)
                0x000000000800914c                __libc_init_array
 .text.memset   0x0000000008009194       0x10 c:/st/stm32cubeide_1.12.1/stm32cubeide/plugins/com.st.stm32cube.ide.mcu.externaltools.gnu-tools-for-stm32.10.3-2021.10.win32_1.0.200.202301161003/tools/bin/../lib/gcc/arm-none-eabi/10.3.1/../../../../arm-none-eabi/lib/thumb/v7e-m+fp/hard\libc_nano.a(lib_a-memset.o)
                0x0000000008009194                memset
 *(.glue_7)
 .glue_7        0x00000000080091a4        0x0 linker stubs
 *(.glue_7t)
 .glue_7t       0x00000000080091a4        0x0 linker stubs
 *(.eh_frame)
 .eh_frame      0x00000000080091a4        0x0 c:/st/stm32cubeide_1.12.1/stm32cubeide/plugins/com.st.stm32cube.ide.mcu.externaltools.gnu-tools-for-stm32.10.3-2021.10.win32_1.0.200.202301161003/tools/bin/../lib/gcc/arm-none-eabi/10.3.1/thumb/v7e-m+fp/hard/crtbegin.o
 *(.init)
 .init          0x00000000080091a4        0x4 c:/st/stm32cubeide_1.12.1/stm32cubeide/plugins/com.st.stm32cube.ide.mcu.externaltools.gnu-tools-for-stm32.10.3-2021.10.win32_1.0.200.202301161003/tools/bin/../lib/gcc/arm-none-eabi/10.3.1/thumb/v7e-m+fp/hard/crti.o
                0x00000000080091a4                _init
 .init          0x00000000080091a8        0x8 c:/st/stm32cubeide_1.12.1/stm32cubeide/plugins/com.st.stm32cube.ide.mcu.externaltools.gnu-tools-for-stm32.10.3-2021.10.win32_1.0.200.202301161003/tools/bin/../lib/gcc/arm-none-eabi/10.3.1/thumb/v7e-m+fp/hard/crtn.o
 *(.fini)
 .fini          0x00000000080091b0        0x4 c:/st/stm32cubeide_1.12.1/stm32cubeide/plugins/com.st.stm32cube.ide.mcu.externaltools.gnu-tools-for-stm32.10.3-2021.10.win32_1.0.200.202301161003/tools/bin/../lib/gcc/arm-none-eabi/10.3.1/thumb/v7e-m+fp/hard/crti.o
                0x00000000080091b0                _fini
 .fini          0x00000000080091b4        0x8 c:/st/stm32cubeide_1.12.1/stm32cubeide/plugins/com.st.stm32cube.ide.mcu.externaltools.gnu-tools-for-stm32.10.3-2021.10.win32_1.0.200.202301161003/tools/bin/../lib/gcc/arm-none-eabi/10.3.1/thumb/v7e-m+fp/hard/crtn.o
                0x00000000080091bc                . = ALIGN (0x4)
                0x00000000080091bc                _etext = .

.vfp11_veneer   0x00000000080091bc        0x0
 .vfp11_veneer  0x00000000080091bc        0x0 linker stubs

.v4_bx          0x00000000080091bc        0x0
 .v4_bx         0x00000000080091bc        0x0 linker stubs

.iplt           0x00000000080091bc        0x0
 .iplt          0x00000000080091bc        0x0 c:/st/stm32cubeide_1.12.1/stm32cubeide/plugins/com.st.stm32cube.ide.mcu.externaltools.gnu-tools-for-stm32.10.3-2021.10.win32_1.0.200.202301161003/tools/bin/../lib/gcc/arm-none-eabi/10.3.1/thumb/v7e-m+fp/hard/crtbegin.o

.rodata         0x00000000080091bc       0x60
                0x00000000080091bc                . = ALIGN (0x4)
 *(.rodata)
 .rodata        0x00000000080091bc       0x46 ./USB_DEVICE/App/usbd_desc.o
 *(.rodata*)
 *fill*         0x0000000008009202        0x2 
 .rodata.AHBPrescTable
                0x0000000008009204       0x10 ./Core/Src/system_stm32f4xx.o
                0x0000000008009204                AHBPrescTable
 .rodata.APBPrescTable
                0x0000000008009214        0x8 ./Core/Src/system_stm32f4xx.o
                0x0000000008009214                APBPrescTable
                0x000000000800921c                . = ALIGN (0x4)

.ARM.extab      0x000000000800921c        0x0
                0x000000000800921c                . = ALIGN (0x4)
 *(.ARM.extab* .gnu.linkonce.armextab.*)
                0x000000000800921c                . = ALIGN (0x4)

.ARM            0x000000000800921c        0x8
                0x000000000800921c                . = ALIGN (0x4)
                0x000000000800921c                __exidx_start = .
 *(.ARM.exidx*)
 .ARM.exidx     0x000000000800921c        0x8 c:/st/stm32cubeide_1.12.1/stm32cubeide/plugins/com.st.stm32cube.ide.mcu.externaltools.gnu-tools-for-stm32.10.3-2021.10.win32_1.0.200.202301161003/tools/bin/../lib/gcc/arm-none-eabi/10.3.1/thumb/v7e-m+fp/hard\libgcc.a(_udivmoddi4.o)
                0x0000000008009224                __exidx_end = .
                0x0000000008009224                . = ALIGN (0x4)

.rel.dyn        0x0000000008009224        0x0
 .rel.iplt      0x0000000008009224        0x0 c:/st/stm32cubeide_1.12.1/stm32cubeide/plugins/com.st.stm32cube.ide.mcu.externaltools.gnu-tools-for-stm32.10.3-2021.10.win32_1.0.200.202301161003/tools/bin/../lib/gcc/arm-none-eabi/10.3.1/thumb/v7e-m+fp/hard/crtbegin.o

.preinit_array  0x0000000008009224        0x0
                0x0000000008009224                . = ALIGN (0x4)
                0x0000000008009224                PROVIDE (__preinit_array_start = .)
 *(.preinit_array*)
                0x0000000008009224                PROVIDE (__preinit_array_end = .)
                0x0000000008009224                . = ALIGN (0x4)

.init_array     0x0000000008009224        0x4
                0x0000000008009224                . = ALIGN (0x4)
                0x0000000008009224                PROVIDE (__init_array_start = .)
 *(SORT_BY_NAME(.init_array.*))
 *(.init_array*)
 .init_array    0x0000000008009224        0x4 c:/st/stm32cubeide_1.12.1/stm32cubeide/plugins/com.st.stm32cube.ide.mcu.externaltools.gnu-tools-for-stm32.10.3-2021.10.win32_1.0.200.202301161003/tools/bin/../lib/gcc/arm-none-eabi/10.3.1/thumb/v7e-m+fp/hard/crtbegin.o
                0x0000000008009228                PROVIDE (__init_array_end = .)
                0x0000000008009228                . = ALIGN (0x4)

.fini_array     0x0000000008009228        0x4
                0x0000000008009228                . = ALIGN (0x4)
                [!provide]                        PROVIDE (__fini_array_start = .)
 *(SORT_BY_NAME(.fini_array.*))
 *(.fini_array*)
 .fini_array    0x0000000008009228        0x4 c:/st/stm32cubeide_1.12.1/stm32cubeide/plugins/com.st.stm32cube.ide.mcu.externaltools.gnu-tools-for-stm32.10.3-2021.10.win32_1.0.200.202301161003/tools/bin/../lib/gcc/arm-none-eabi/10.3.1/thumb/v7e-m+fp/hard/crtbegin.o
                [!provide]                        PROVIDE (__fini_array_end = .)
                0x000000000800922c                . = ALIGN (0x4)
                0x000000000800922c                _sidata = LOADADDR (.data)

.data           0x0000000020000000       0xfc load address 0x000000000800922c
                0x0000000020000000                . = ALIGN (0x4)
                0x0000000020000000                _sdata = .
 *(.data)
 *(.data*)
 .data.SystemCoreClock
                0x0000000020000000        0x4 ./Core/Src/system_stm32f4xx.o
                0x0000000020000000                SystemCoreClock
 .data.uwTickPrio
                0x0000000020000004        0x4 ./Drivers/STM32F4xx_HAL_Driver/Src/stm32f4xx_hal.o
                0x0000000020000004                uwTickPrio
 .data.uwTickFreq
                0x0000000020000008        0x1 ./Drivers/STM32F4xx_HAL_Driver/Src/stm32f4xx_hal.o
                0x0000000020000008                uwTickFreq
 *fill*         0x0000000020000009        0x3 
 .data.USBD_CDC_DeviceQualifierDesc
                0x000000002000000c        0xa ./Middlewares/ST/STM32_USB_Device_Library/Class/CDC/Src/usbd_cdc.o
 *fill*         0x0000000020000016        0x2 
 .data.USBD_CDC
                0x0000000020000018       0x38 ./Middlewares/ST/STM32_USB_Device_Library/Class/CDC/Src/usbd_cdc.o
                0x0000000020000018                USBD_CDC
 .data.USBD_CDC_CfgDesc
                0x0000000020000050       0x43 ./Middlewares/ST/STM32_USB_Device_Library/Class/CDC/Src/usbd_cdc.o
 .data.CDCInEpAdd
                0x0000000020000093        0x1 ./Middlewares/ST/STM32_USB_Device_Library/Class/CDC/Src/usbd_cdc.o
 .data.CDCOutEpAdd
                0x0000000020000094        0x1 ./Middlewares/ST/STM32_USB_Device_Library/Class/CDC/Src/usbd_cdc.o
 .data.CDCCmdEpAdd
                0x0000000020000095        0x1 ./Middlewares/ST/STM32_USB_Device_Library/Class/CDC/Src/usbd_cdc.o
 *fill*         0x0000000020000096        0x2 
 .data.USBD_Interface_fops_FS
                0x0000000020000098       0x14 ./USB_DEVICE/App/usbd_cdc_if.o
                0x0000000020000098                USBD_Interface_fops_FS
 .data.FS_Desc  0x00000000200000ac       0x1c ./USB_DEVICE/App/usbd_desc.o
                0x00000000200000ac                FS_Desc
 .data.USBD_FS_DeviceDesc
                0x00000000200000c8       0x12 ./USB_DEVICE/App/usbd_desc.o
                0x00000000200000c8                USBD_FS_DeviceDesc
 *fill*         0x00000000200000da        0x2 
 .data.USBD_LangIDDesc
                0x00000000200000dc        0x4 ./USB_DEVICE/App/usbd_desc.o
                0x00000000200000dc                USBD_LangIDDesc
 .data.USBD_StringSerial
                0x00000000200000e0       0x1a ./USB_DEVICE/App/usbd_desc.o
                0x00000000200000e0                USBD_StringSerial
 *(.RamFunc)
 *(.RamFunc*)
                0x00000000200000fc                . = ALIGN (0x4)
 *fill*         0x00000000200000fa        0x2 
                0x00000000200000fc                _edata = .

.igot.plt       0x00000000200000fc        0x0 load address 0x0000000008009328
 .igot.plt      0x00000000200000fc        0x0 c:/st/stm32cubeide_1.12.1/stm32cubeide/plugins/com.st.stm32cube.ide.mcu.externaltools.gnu-tools-for-stm32.10.3-2021.10.win32_1.0.200.202301161003/tools/bin/../lib/gcc/arm-none-eabi/10.3.1/thumb/v7e-m+fp/hard/crtbegin.o
                0x00000000200000fc                . = ALIGN (0x4)

.bss            0x00000000200000fc     0x152c load address 0x0000000008009328
                0x00000000200000fc                _sbss = .
                0x00000000200000fc                __bss_start__ = _sbss
 *(.bss)
 .bss           0x00000000200000fc       0x1c c:/st/stm32cubeide_1.12.1/stm32cubeide/plugins/com.st.stm32cube.ide.mcu.externaltools.gnu-tools-for-stm32.10.3-2021.10.win32_1.0.200.202301161003/tools/bin/../lib/gcc/arm-none-eabi/10.3.1/thumb/v7e-m+fp/hard/crtbegin.o
 *(.bss*)
 .bss.bm        0x0000000020000118        0xc ./Core/Src/BME280.o
                0x0000000020000118                bm
 .bss.hadc1     0x0000000020000124       0x48 ./Core/Src/main.o
                0x0000000020000124                hadc1
 .bss.hi2c1     0x000000002000016c       0x54 ./Core/Src/main.o
                0x000000002000016c                hi2c1
 .bss.hspi1     0x00000000200001c0       0x58 ./Core/Src/main.o
                0x00000000200001c0                hspi1
 .bss.uwTick    0x0000000020000218        0x4 ./Drivers/STM32F4xx_HAL_Driver/Src/stm32f4xx_hal.o
                0x0000000020000218                uwTick
 .bss.cfgidx.0  0x000000002000021c        0x1 ./Middlewares/ST/STM32_USB_Device_Library/Core/Src/usbd_ctlreq.o
 *fill*         0x000000002000021d        0x3 
 .bss.hUsbDeviceFS
                0x0000000020000220      0x2dc ./USB_DEVICE/App/usb_device.o
                0x0000000020000220                hUsbDeviceFS
 .bss.UserRxBufferFS
                0x00000000200004fc      0x400 ./USB_DEVICE/App/usbd_cdc_if.o
                0x00000000200004fc                UserRxBufferFS
 .bss.UserTxBufferFS
                0x00000000200008fc      0x400 ./USB_DEVICE/App/usbd_cdc_if.o
                0x00000000200008fc                UserTxBufferFS
 .bss.USBD_StrDesc
                0x0000000020000cfc      0x200 ./USB_DEVICE/App/usbd_desc.o
                0x0000000020000cfc                USBD_StrDesc
 .bss.hpcd_USB_OTG_FS
                0x0000000020000efc      0x50c ./USB_DEVICE/Target/usbd_conf.o
                0x0000000020000efc                hpcd_USB_OTG_FS
 .bss.mem.0     0x0000000020001408      0x220 ./USB_DEVICE/Target/usbd_conf.o
 *(COMMON)
                0x0000000020001628                . = ALIGN (0x4)
                0x0000000020001628                _ebss = .
                0x0000000020001628                __bss_end__ = _ebss

._user_heap_stack
                0x0000000020001628      0x600 load address 0x0000000008009328
                0x0000000020001628                . = ALIGN (0x8)
                [!provide]                        PROVIDE (end = .)
                0x0000000020001628                PROVIDE (_end = .)
                0x0000000020001828                . = (. + _Min_Heap_Size)
 *fill*         0x0000000020001628      0x200 
                0x0000000020001c28                . = (. + _Min_Stack_Size)
 *fill*         0x0000000020001828      0x400 
                0x0000000020001c28                . = ALIGN (0x8)

/DISCARD/
 libc.a(*)
 libm.a(*)
 libgcc.a(*)

.ARM.attributes
                0x0000000000000000       0x30
 *(.ARM.attributes)
 .ARM.attributes
                0x0000000000000000       0x1e c:/st/stm32cubeide_1.12.1/stm32cubeide/plugins/com.st.stm32cube.ide.mcu.externaltools.gnu-tools-for-stm32.10.3-2021.10.win32_1.0.200.202301161003/tools/bin/../lib/gcc/arm-none-eabi/10.3.1/thumb/v7e-m+fp/hard/crti.o
 .ARM.attributes
                0x000000000000001e       0x34 c:/st/stm32cubeide_1.12.1/stm32cubeide/plugins/com.st.stm32cube.ide.mcu.externaltools.gnu-tools-for-stm32.10.3-2021.10.win32_1.0.200.202301161003/tools/bin/../lib/gcc/arm-none-eabi/10.3.1/thumb/v7e-m+fp/hard/crtbegin.o
 .ARM.attributes
                0x0000000000000052       0x34 ./Core/Src/BME280.o
 .ARM.attributes
                0x0000000000000086       0x34 ./Core/Src/main.o
 .ARM.attributes
                0x00000000000000ba       0x34 ./Core/Src/stm32f4xx_hal_msp.o
 .ARM.attributes
                0x00000000000000ee       0x34 ./Core/Src/stm32f4xx_it.o
 .ARM.attributes
                0x0000000000000122       0x34 ./Core/Src/system_stm32f4xx.o
 .ARM.attributes
                0x0000000000000156       0x21 ./Core/Startup/startup_stm32f401rctx.o
 .ARM.attributes
                0x0000000000000177       0x34 ./Drivers/STM32F4xx_HAL_Driver/Src/stm32f4xx_hal.o
 .ARM.attributes
                0x00000000000001ab       0x34 ./Drivers/STM32F4xx_HAL_Driver/Src/stm32f4xx_hal_adc.o
 .ARM.attributes
                0x00000000000001df       0x34 ./Drivers/STM32F4xx_HAL_Driver/Src/stm32f4xx_hal_cortex.o
 .ARM.attributes
                0x0000000000000213       0x34 ./Drivers/STM32F4xx_HAL_Driver/Src/stm32f4xx_hal_gpio.o
 .ARM.attributes
                0x0000000000000247       0x34 ./Drivers/STM32F4xx_HAL_Driver/Src/stm32f4xx_hal_i2c.o
 .ARM.attributes
                0x000000000000027b       0x34 ./Drivers/STM32F4xx_HAL_Driver/Src/stm32f4xx_hal_pcd.o
 .ARM.attributes
                0x00000000000002af       0x34 ./Drivers/STM32F4xx_HAL_Driver/Src/stm32f4xx_hal_pcd_ex.o
 .ARM.attributes
                0x00000000000002e3       0x34 ./Drivers/STM32F4xx_HAL_Driver/Src/stm32f4xx_hal_rcc.o
 .ARM.attributes
                0x0000000000000317       0x34 ./Drivers/STM32F4xx_HAL_Driver/Src/stm32f4xx_hal_spi.o
 .ARM.attributes
                0x000000000000034b       0x34 ./Drivers/STM32F4xx_HAL_Driver/Src/stm32f4xx_ll_usb.o
 .ARM.attributes
                0x000000000000037f       0x34 ./Middlewares/ST/STM32_USB_Device_Library/Class/CDC/Src/usbd_cdc.o
 .ARM.attributes
                0x00000000000003b3       0x34 ./Middlewares/ST/STM32_USB_Device_Library/Core/Src/usbd_core.o
 .ARM.attributes
                0x00000000000003e7       0x34 ./Middlewares/ST/STM32_USB_Device_Library/Core/Src/usbd_ctlreq.o
 .ARM.attributes
                0x000000000000041b       0x34 ./Middlewares/ST/STM32_USB_Device_Library/Core/Src/usbd_ioreq.o
 .ARM.attributes
                0x000000000000044f       0x34 ./USB_DEVICE/App/usb_device.o
 .ARM.attributes
                0x0000000000000483       0x34 ./USB_DEVICE/App/usbd_cdc_if.o
 .ARM.attributes
                0x00000000000004b7       0x34 ./USB_DEVICE/App/usbd_desc.o
 .ARM.attributes
                0x00000000000004eb       0x34 ./USB_DEVICE/Target/usbd_conf.o
 .ARM.attributes
                0x000000000000051f       0x34 c:/st/stm32cubeide_1.12.1/stm32cubeide/plugins/com.st.stm32cube.ide.mcu.externaltools.gnu-tools-for-stm32.10.3-2021.10.win32_1.0.200.202301161003/tools/bin/../lib/gcc/arm-none-eabi/10.3.1/../../../../arm-none-eabi/lib/thumb/v7e-m+fp/hard\libc_nano.a(lib_a-init.o)
 .ARM.attributes
                0x0000000000000553       0x34 c:/st/stm32cubeide_1.12.1/stm32cubeide/plugins/com.st.stm32cube.ide.mcu.externaltools.gnu-tools-for-stm32.10.3-2021.10.win32_1.0.200.202301161003/tools/bin/../lib/gcc/arm-none-eabi/10.3.1/../../../../arm-none-eabi/lib/thumb/v7e-m+fp/hard\libc_nano.a(lib_a-memset.o)
 .ARM.attributes
                0x0000000000000587       0x1e c:/st/stm32cubeide_1.12.1/stm32cubeide/plugins/com.st.stm32cube.ide.mcu.externaltools.gnu-tools-for-stm32.10.3-2021.10.win32_1.0.200.202301161003/tools/bin/../lib/gcc/arm-none-eabi/10.3.1/thumb/v7e-m+fp/hard\libgcc.a(_arm_addsubdf3.o)
 .ARM.attributes
                0x00000000000005a5       0x1e c:/st/stm32cubeide_1.12.1/stm32cubeide/plugins/com.st.stm32cube.ide.mcu.externaltools.gnu-tools-for-stm32.10.3-2021.10.win32_1.0.200.202301161003/tools/bin/../lib/gcc/arm-none-eabi/10.3.1/thumb/v7e-m+fp/hard\libgcc.a(_arm_muldivdf3.o)
 .ARM.attributes
                0x00000000000005c3       0x1e c:/st/stm32cubeide_1.12.1/stm32cubeide/plugins/com.st.stm32cube.ide.mcu.externaltools.gnu-tools-for-stm32.10.3-2021.10.win32_1.0.200.202301161003/tools/bin/../lib/gcc/arm-none-eabi/10.3.1/thumb/v7e-m+fp/hard\libgcc.a(_aeabi_uldivmod.o)
 .ARM.attributes
                0x00000000000005e1       0x34 c:/st/stm32cubeide_1.12.1/stm32cubeide/plugins/com.st.stm32cube.ide.mcu.externaltools.gnu-tools-for-stm32.10.3-2021.10.win32_1.0.200.202301161003/tools/bin/../lib/gcc/arm-none-eabi/10.3.1/thumb/v7e-m+fp/hard\libgcc.a(_udivmoddi4.o)
 .ARM.attributes
                0x0000000000000615       0x1e c:/st/stm32cubeide_1.12.1/stm32cubeide/plugins/com.st.stm32cube.ide.mcu.externaltools.gnu-tools-for-stm32.10.3-2021.10.win32_1.0.200.202301161003/tools/bin/../lib/gcc/arm-none-eabi/10.3.1/thumb/v7e-m+fp/hard\libgcc.a(_dvmd_tls.o)
 .ARM.attributes
                0x0000000000000633       0x1e c:/st/stm32cubeide_1.12.1/stm32cubeide/plugins/com.st.stm32cube.ide.mcu.externaltools.gnu-tools-for-stm32.10.3-2021.10.win32_1.0.200.202301161003/tools/bin/../lib/gcc/arm-none-eabi/10.3.1/thumb/v7e-m+fp/hard/crtn.o
OUTPUT(STM32_DEVBOARD.elf elf32-littlearm)
LOAD linker stubs
LOAD c:/st/stm32cubeide_1.12.1/stm32cubeide/plugins/com.st.stm32cube.ide.mcu.externaltools.gnu-tools-for-stm32.10.3-2021.10.win32_1.0.200.202301161003/tools/bin/../lib/gcc/arm-none-eabi/10.3.1/../../../../arm-none-eabi/lib/thumb/v7e-m+fp/hard\libc.a
LOAD c:/st/stm32cubeide_1.12.1/stm32cubeide/plugins/com.st.stm32cube.ide.mcu.externaltools.gnu-tools-for-stm32.10.3-2021.10.win32_1.0.200.202301161003/tools/bin/../lib/gcc/arm-none-eabi/10.3.1/../../../../arm-none-eabi/lib/thumb/v7e-m+fp/hard\libm.a
LOAD c:/st/stm32cubeide_1.12.1/stm32cubeide/plugins/com.st.stm32cube.ide.mcu.externaltools.gnu-tools-for-stm32.10.3-2021.10.win32_1.0.200.202301161003/tools/bin/../lib/gcc/arm-none-eabi/10.3.1/thumb/v7e-m+fp/hard\libgcc.a

.debug_info     0x0000000000000000    0x14adf
 .debug_info    0x0000000000000000      0x909 ./Core/Src/BME280.o
 .debug_info    0x0000000000000909     0x13d8 ./Core/Src/main.o
 .debug_info    0x0000000000001ce1     0x1024 ./Core/Src/stm32f4xx_hal_msp.o
 .debug_info    0x0000000000002d05      0x650 ./Core/Src/stm32f4xx_it.o
 .debug_info    0x0000000000003355      0x54f ./Core/Src/system_stm32f4xx.o
 .debug_info    0x00000000000038a4       0x22 ./Core/Startup/startup_stm32f401rctx.o
 .debug_info    0x00000000000038c6      0x906 ./Drivers/STM32F4xx_HAL_Driver/Src/stm32f4xx_hal.o
 .debug_info    0x00000000000041cc      0xd68 ./Drivers/STM32F4xx_HAL_Driver/Src/stm32f4xx_hal_adc.o
 .debug_info    0x0000000000004f34      0xd85 ./Drivers/STM32F4xx_HAL_Driver/Src/stm32f4xx_hal_cortex.o
 .debug_info    0x0000000000005cb9      0x78e ./Drivers/STM32F4xx_HAL_Driver/Src/stm32f4xx_hal_gpio.o
 .debug_info    0x0000000000006447     0x260f ./Drivers/STM32F4xx_HAL_Driver/Src/stm32f4xx_hal_i2c.o
 .debug_info    0x0000000000008a56     0x168d ./Drivers/STM32F4xx_HAL_Driver/Src/stm32f4xx_hal_pcd.o
 .debug_info    0x000000000000a0e3      0x717 ./Drivers/STM32F4xx_HAL_Driver/Src/stm32f4xx_hal_pcd_ex.o
 .debug_info    0x000000000000a7fa      0x98c ./Drivers/STM32F4xx_HAL_Driver/Src/stm32f4xx_hal_rcc.o
 .debug_info    0x000000000000b186     0x1750 ./Drivers/STM32F4xx_HAL_Driver/Src/stm32f4xx_hal_spi.o
 .debug_info    0x000000000000c8d6     0x1a97 ./Drivers/STM32F4xx_HAL_Driver/Src/stm32f4xx_ll_usb.o
 .debug_info    0x000000000000e36d     0x130c ./Middlewares/ST/STM32_USB_Device_Library/Class/CDC/Src/usbd_cdc.o
 .debug_info    0x000000000000f679      0xee7 ./Middlewares/ST/STM32_USB_Device_Library/Core/Src/usbd_core.o
 .debug_info    0x0000000000010560      0xb7f ./Middlewares/ST/STM32_USB_Device_Library/Core/Src/usbd_ctlreq.o
 .debug_info    0x00000000000110df      0x7da ./Middlewares/ST/STM32_USB_Device_Library/Core/Src/usbd_ioreq.o
 .debug_info    0x00000000000118b9      0x76a ./USB_DEVICE/App/usb_device.o
 .debug_info    0x0000000000012023      0x96f ./USB_DEVICE/App/usbd_cdc_if.o
 .debug_info    0x0000000000012992      0x498 ./USB_DEVICE/App/usbd_desc.o
 .debug_info    0x0000000000012e2a     0x1cb5 ./USB_DEVICE/Target/usbd_conf.o

.debug_abbrev   0x0000000000000000     0x3313
 .debug_abbrev  0x0000000000000000      0x1cf ./Core/Src/BME280.o
 .debug_abbrev  0x00000000000001cf      0x2ce ./Core/Src/main.o
 .debug_abbrev  0x000000000000049d      0x194 ./Core/Src/stm32f4xx_hal_msp.o
 .debug_abbrev  0x0000000000000631      0x199 ./Core/Src/stm32f4xx_it.o
 .debug_abbrev  0x00000000000007ca      0x116 ./Core/Src/system_stm32f4xx.o
 .debug_abbrev  0x00000000000008e0       0x12 ./Core/Startup/startup_stm32f401rctx.o
 .debug_abbrev  0x00000000000008f2      0x23e ./Drivers/STM32F4xx_HAL_Driver/Src/stm32f4xx_hal.o
 .debug_abbrev  0x0000000000000b30      0x204 ./Drivers/STM32F4xx_HAL_Driver/Src/stm32f4xx_hal_adc.o
 .debug_abbrev  0x0000000000000d34      0x316 ./Drivers/STM32F4xx_HAL_Driver/Src/stm32f4xx_hal_cortex.o
 .debug_abbrev  0x000000000000104a      0x1c4 ./Drivers/STM32F4xx_HAL_Driver/Src/stm32f4xx_hal_gpio.o
 .debug_abbrev  0x000000000000120e      0x2a8 ./Drivers/STM32F4xx_HAL_Driver/Src/stm32f4xx_hal_i2c.o
 .debug_abbrev  0x00000000000014b6      0x2bb ./Drivers/STM32F4xx_HAL_Driver/Src/stm32f4xx_hal_pcd.o
 .debug_abbrev  0x0000000000001771      0x1ce ./Drivers/STM32F4xx_HAL_Driver/Src/stm32f4xx_hal_pcd_ex.o
 .debug_abbrev  0x000000000000193f      0x2aa ./Drivers/STM32F4xx_HAL_Driver/Src/stm32f4xx_hal_rcc.o
 .debug_abbrev  0x0000000000001be9      0x26e ./Drivers/STM32F4xx_HAL_Driver/Src/stm32f4xx_hal_spi.o
 .debug_abbrev  0x0000000000001e57      0x296 ./Drivers/STM32F4xx_HAL_Driver/Src/stm32f4xx_ll_usb.o
 .debug_abbrev  0x00000000000020ed      0x2be ./Middlewares/ST/STM32_USB_Device_Library/Class/CDC/Src/usbd_cdc.o
 .debug_abbrev  0x00000000000023ab      0x263 ./Middlewares/ST/STM32_USB_Device_Library/Core/Src/usbd_core.o
 .debug_abbrev  0x000000000000260e      0x25c ./Middlewares/ST/STM32_USB_Device_Library/Core/Src/usbd_ctlreq.o
 .debug_abbrev  0x000000000000286a      0x18a ./Middlewares/ST/STM32_USB_Device_Library/Core/Src/usbd_ioreq.o
 .debug_abbrev  0x00000000000029f4      0x18a ./USB_DEVICE/App/usb_device.o
 .debug_abbrev  0x0000000000002b7e      0x290 ./USB_DEVICE/App/usbd_cdc_if.o
 .debug_abbrev  0x0000000000002e0e      0x1da ./USB_DEVICE/App/usbd_desc.o
 .debug_abbrev  0x0000000000002fe8      0x32b ./USB_DEVICE/Target/usbd_conf.o

.debug_aranges  0x0000000000000000     0x1120
 .debug_aranges
                0x0000000000000000       0x48 ./Core/Src/BME280.o
 .debug_aranges
                0x0000000000000048       0x50 ./Core/Src/main.o
 .debug_aranges
                0x0000000000000098       0x50 ./Core/Src/stm32f4xx_hal_msp.o
 .debug_aranges
                0x00000000000000e8       0x68 ./Core/Src/stm32f4xx_it.o
 .debug_aranges
                0x0000000000000150       0x28 ./Core/Src/system_stm32f4xx.o
 .debug_aranges
                0x0000000000000178       0x28 ./Core/Startup/startup_stm32f401rctx.o
 .debug_aranges
                0x00000000000001a0       0xf0 ./Drivers/STM32F4xx_HAL_Driver/Src/stm32f4xx_hal.o
 .debug_aranges
                0x0000000000000290       0xe8 ./Drivers/STM32F4xx_HAL_Driver/Src/stm32f4xx_hal_adc.o
 .debug_aranges
                0x0000000000000378      0x118 ./Drivers/STM32F4xx_HAL_Driver/Src/stm32f4xx_hal_cortex.o
 .debug_aranges
                0x0000000000000490       0x58 ./Drivers/STM32F4xx_HAL_Driver/Src/stm32f4xx_hal_gpio.o
 .debug_aranges
                0x00000000000004e8      0x2a0 ./Drivers/STM32F4xx_HAL_Driver/Src/stm32f4xx_hal_i2c.o
 .debug_aranges
                0x0000000000000788      0x148 ./Drivers/STM32F4xx_HAL_Driver/Src/stm32f4xx_hal_pcd.o
 .debug_aranges
                0x00000000000008d0       0x38 ./Drivers/STM32F4xx_HAL_Driver/Src/stm32f4xx_hal_pcd_ex.o
 .debug_aranges
                0x0000000000000908       0x88 ./Drivers/STM32F4xx_HAL_Driver/Src/stm32f4xx_hal_rcc.o
 .debug_aranges
                0x0000000000000990      0x1d0 ./Drivers/STM32F4xx_HAL_Driver/Src/stm32f4xx_hal_spi.o
 .debug_aranges
                0x0000000000000b60      0x1a0 ./Drivers/STM32F4xx_HAL_Driver/Src/stm32f4xx_ll_usb.o
 .debug_aranges
                0x0000000000000d00       0x90 ./Middlewares/ST/STM32_USB_Device_Library/Class/CDC/Src/usbd_cdc.o
 .debug_aranges
                0x0000000000000d90       0xd8 ./Middlewares/ST/STM32_USB_Device_Library/Core/Src/usbd_core.o
 .debug_aranges
                0x0000000000000e68       0x90 ./Middlewares/ST/STM32_USB_Device_Library/Core/Src/usbd_ctlreq.o
 .debug_aranges
                0x0000000000000ef8       0x50 ./Middlewares/ST/STM32_USB_Device_Library/Core/Src/usbd_ioreq.o
 .debug_aranges
                0x0000000000000f48       0x20 ./USB_DEVICE/App/usb_device.o
 .debug_aranges
                0x0000000000000f68       0x48 ./USB_DEVICE/App/usbd_cdc_if.o
 .debug_aranges
                0x0000000000000fb0       0x60 ./USB_DEVICE/App/usbd_desc.o
 .debug_aranges
                0x0000000000001010      0x110 ./USB_DEVICE/Target/usbd_conf.o

.debug_ranges   0x0000000000000000      0xfc0
 .debug_ranges  0x0000000000000000       0x38 ./Core/Src/BME280.o
 .debug_ranges  0x0000000000000038       0x40 ./Core/Src/main.o
 .debug_ranges  0x0000000000000078       0x40 ./Core/Src/stm32f4xx_hal_msp.o
 .debug_ranges  0x00000000000000b8       0x58 ./Core/Src/stm32f4xx_it.o
 .debug_ranges  0x0000000000000110       0x18 ./Core/Src/system_stm32f4xx.o
 .debug_ranges  0x0000000000000128       0x20 ./Core/Startup/startup_stm32f401rctx.o
 .debug_ranges  0x0000000000000148       0xe0 ./Drivers/STM32F4xx_HAL_Driver/Src/stm32f4xx_hal.o
 .debug_ranges  0x0000000000000228       0xd8 ./Drivers/STM32F4xx_HAL_Driver/Src/stm32f4xx_hal_adc.o
 .debug_ranges  0x0000000000000300      0x108 ./Drivers/STM32F4xx_HAL_Driver/Src/stm32f4xx_hal_cortex.o
 .debug_ranges  0x0000000000000408       0x48 ./Drivers/STM32F4xx_HAL_Driver/Src/stm32f4xx_hal_gpio.o
 .debug_ranges  0x0000000000000450      0x2a8 ./Drivers/STM32F4xx_HAL_Driver/Src/stm32f4xx_hal_i2c.o
 .debug_ranges  0x00000000000006f8      0x138 ./Drivers/STM32F4xx_HAL_Driver/Src/stm32f4xx_hal_pcd.o
 .debug_ranges  0x0000000000000830       0x28 ./Drivers/STM32F4xx_HAL_Driver/Src/stm32f4xx_hal_pcd_ex.o
 .debug_ranges  0x0000000000000858       0x78 ./Drivers/STM32F4xx_HAL_Driver/Src/stm32f4xx_hal_rcc.o
 .debug_ranges  0x00000000000008d0      0x1c0 ./Drivers/STM32F4xx_HAL_Driver/Src/stm32f4xx_hal_spi.o
 .debug_ranges  0x0000000000000a90      0x190 ./Drivers/STM32F4xx_HAL_Driver/Src/stm32f4xx_ll_usb.o
 .debug_ranges  0x0000000000000c20       0x80 ./Middlewares/ST/STM32_USB_Device_Library/Class/CDC/Src/usbd_cdc.o
 .debug_ranges  0x0000000000000ca0       0xc8 ./Middlewares/ST/STM32_USB_Device_Library/Core/Src/usbd_core.o
 .debug_ranges  0x0000000000000d68       0x80 ./Middlewares/ST/STM32_USB_Device_Library/Core/Src/usbd_ctlreq.o
 .debug_ranges  0x0000000000000de8       0x40 ./Middlewares/ST/STM32_USB_Device_Library/Core/Src/usbd_ioreq.o
 .debug_ranges  0x0000000000000e28       0x10 ./USB_DEVICE/App/usb_device.o
 .debug_ranges  0x0000000000000e38       0x38 ./USB_DEVICE/App/usbd_cdc_if.o
 .debug_ranges  0x0000000000000e70       0x50 ./USB_DEVICE/App/usbd_desc.o
 .debug_ranges  0x0000000000000ec0      0x100 ./USB_DEVICE/Target/usbd_conf.o

.debug_macro    0x0000000000000000    0x1a385
 .debug_macro   0x0000000000000000      0x22e ./Core/Src/BME280.o
 .debug_macro   0x000000000000022e      0xa78 ./Core/Src/BME280.o
 .debug_macro   0x0000000000000ca6      0x2a7 ./Core/Src/BME280.o
 .debug_macro   0x0000000000000f4d       0x2e ./Core/Src/BME280.o
 .debug_macro   0x0000000000000f7b       0x28 ./Core/Src/BME280.o
 .debug_macro   0x0000000000000fa3       0x22 ./Core/Src/BME280.o
 .debug_macro   0x0000000000000fc5       0x8e ./Core/Src/BME280.o
 .debug_macro   0x0000000000001053       0x51 ./Core/Src/BME280.o
 .debug_macro   0x00000000000010a4      0x103 ./Core/Src/BME280.o
 .debug_macro   0x00000000000011a7       0x6a ./Core/Src/BME280.o
 .debug_macro   0x0000000000001211      0x1df ./Core/Src/BME280.o
 .debug_macro   0x00000000000013f0       0x1c ./Core/Src/BME280.o
 .debug_macro   0x000000000000140c       0x22 ./Core/Src/BME280.o
 .debug_macro   0x000000000000142e       0xd9 ./Core/Src/BME280.o
 .debug_macro   0x0000000000001507     0x102d ./Core/Src/BME280.o
 .debug_macro   0x0000000000002534      0x11f ./Core/Src/BME280.o
 .debug_macro   0x0000000000002653     0xb86c ./Core/Src/BME280.o
 .debug_macro   0x000000000000debf       0x6d ./Core/Src/BME280.o
 .debug_macro   0x000000000000df2c     0x367e ./Core/Src/BME280.o
 .debug_macro   0x00000000000115aa      0x174 ./Core/Src/BME280.o
 .debug_macro   0x000000000001171e       0x5c ./Core/Src/BME280.o
 .debug_macro   0x000000000001177a      0x416 ./Core/Src/BME280.o
 .debug_macro   0x0000000000011b90      0x9fe ./Core/Src/BME280.o
 .debug_macro   0x000000000001258e      0x115 ./Core/Src/BME280.o
 .debug_macro   0x00000000000126a3       0xf8 ./Core/Src/BME280.o
 .debug_macro   0x000000000001279b       0xa5 ./Core/Src/BME280.o
 .debug_macro   0x0000000000012840      0x15f ./Core/Src/BME280.o
 .debug_macro   0x000000000001299f      0x287 ./Core/Src/BME280.o
 .debug_macro   0x0000000000012c26       0x5f ./Core/Src/BME280.o
 .debug_macro   0x0000000000012c85      0x236 ./Core/Src/BME280.o
 .debug_macro   0x0000000000012ebb      0x9e1 ./Core/Src/BME280.o
 .debug_macro   0x000000000001389c      0x38b ./Core/Src/BME280.o
 .debug_macro   0x0000000000013c27      0x176 ./Core/Src/BME280.o
 .debug_macro   0x0000000000013d9d       0xf9 ./Core/Src/BME280.o
 .debug_macro   0x0000000000013e96      0x132 ./Core/Src/BME280.o
 .debug_macro   0x0000000000013fc8      0x23a ./Core/Src/BME280.o
 .debug_macro   0x0000000000014202       0x2e ./Core/Src/BME280.o
 .debug_macro   0x0000000000014230      0x1b5 ./Core/Src/BME280.o
 .debug_macro   0x00000000000143e5       0x22 ./Core/Src/BME280.o
 .debug_macro   0x0000000000014407       0xd6 ./Core/Src/BME280.o
 .debug_macro   0x00000000000144dd      0x11a ./Core/Src/BME280.o
 .debug_macro   0x00000000000145f7       0x85 ./Core/Src/BME280.o
 .debug_macro   0x000000000001467c       0x89 ./Core/Src/BME280.o
 .debug_macro   0x0000000000014705      0x225 ./Core/Src/BME280.o
 .debug_macro   0x000000000001492a      0x248 ./Core/Src/BME280.o
 .debug_macro   0x0000000000014b72       0xba ./Core/Src/BME280.o
 .debug_macro   0x0000000000014c2c      0x126 ./Core/Src/BME280.o
 .debug_macro   0x0000000000014d52       0x40 ./Core/Src/BME280.o
 .debug_macro   0x0000000000014d92      0x41d ./Core/Src/main.o
 .debug_macro   0x00000000000151af       0x52 ./Core/Src/main.o
 .debug_macro   0x0000000000015201       0x1e ./Core/Src/main.o
 .debug_macro   0x000000000001521f       0x3c ./Core/Src/main.o
 .debug_macro   0x000000000001525b       0x34 ./Core/Src/main.o
 .debug_macro   0x000000000001528f       0x16 ./Core/Src/main.o
 .debug_macro   0x00000000000152a5       0x35 ./Core/Src/main.o
 .debug_macro   0x00000000000152da      0x341 ./Core/Src/main.o
 .debug_macro   0x000000000001561b       0x10 ./Core/Src/main.o
 .debug_macro   0x000000000001562b       0x16 ./Core/Src/main.o
 .debug_macro   0x0000000000015641       0x43 ./Core/Src/main.o
 .debug_macro   0x0000000000015684       0x34 ./Core/Src/main.o
 .debug_macro   0x00000000000156b8       0x10 ./Core/Src/main.o
 .debug_macro   0x00000000000156c8       0x58 ./Core/Src/main.o
 .debug_macro   0x0000000000015720       0x71 ./Core/Src/main.o
 .debug_macro   0x0000000000015791       0x1c ./Core/Src/main.o
 .debug_macro   0x00000000000157ad      0x12a ./Core/Src/main.o
 .debug_macro   0x00000000000158d7       0x10 ./Core/Src/main.o
 .debug_macro   0x00000000000158e7       0x1c ./Core/Src/main.o
 .debug_macro   0x0000000000015903       0x52 ./Core/Src/main.o
 .debug_macro   0x0000000000015955       0x22 ./Core/Src/main.o
 .debug_macro   0x0000000000015977       0x10 ./Core/Src/main.o
 .debug_macro   0x0000000000015987       0x52 ./Core/Src/main.o
 .debug_macro   0x00000000000159d9       0xd5 ./Core/Src/main.o
 .debug_macro   0x0000000000015aae       0x1c ./Core/Src/main.o
 .debug_macro   0x0000000000015aca       0x3d ./Core/Src/main.o
 .debug_macro   0x0000000000015b07       0x16 ./Core/Src/main.o
 .debug_macro   0x0000000000015b1d      0x145 ./Core/Src/main.o
 .debug_macro   0x0000000000015c62       0x16 ./Core/Src/main.o
 .debug_macro   0x0000000000015c78       0x16 ./Core/Src/main.o
 .debug_macro   0x0000000000015c8e       0x29 ./Core/Src/main.o
 .debug_macro   0x0000000000015cb7       0x16 ./Core/Src/main.o
 .debug_macro   0x0000000000015ccd       0x20 ./Core/Src/main.o
 .debug_macro   0x0000000000015ced       0x65 ./Core/Src/main.o
 .debug_macro   0x0000000000015d52      0x20f ./Core/Src/main.o
 .debug_macro   0x0000000000015f61      0x22e ./Core/Src/stm32f4xx_hal_msp.o
 .debug_macro   0x000000000001618f      0x238 ./Core/Src/stm32f4xx_it.o
 .debug_macro   0x00000000000163c7      0x21f ./Core/Src/system_stm32f4xx.o
 .debug_macro   0x00000000000165e6      0x27f ./Drivers/STM32F4xx_HAL_Driver/Src/stm32f4xx_hal.o
 .debug_macro   0x0000000000016865      0x220 ./Drivers/STM32F4xx_HAL_Driver/Src/stm32f4xx_hal_adc.o
 .debug_macro   0x0000000000016a85      0x21f ./Drivers/STM32F4xx_HAL_Driver/Src/stm32f4xx_hal_cortex.o
 .debug_macro   0x0000000000016ca4      0x225 ./Drivers/STM32F4xx_HAL_Driver/Src/stm32f4xx_hal_gpio.o
 .debug_macro   0x0000000000016ec9      0x266 ./Drivers/STM32F4xx_HAL_Driver/Src/stm32f4xx_hal_i2c.o
 .debug_macro   0x000000000001712f      0x22b ./Drivers/STM32F4xx_HAL_Driver/Src/stm32f4xx_hal_pcd.o
 .debug_macro   0x000000000001735a      0x21f ./Drivers/STM32F4xx_HAL_Driver/Src/stm32f4xx_hal_pcd_ex.o
 .debug_macro   0x0000000000017579      0x243 ./Drivers/STM32F4xx_HAL_Driver/Src/stm32f4xx_hal_rcc.o
 .debug_macro   0x00000000000177bc      0x22e ./Drivers/STM32F4xx_HAL_Driver/Src/stm32f4xx_hal_spi.o
 .debug_macro   0x00000000000179ea      0x21f ./Drivers/STM32F4xx_HAL_Driver/Src/stm32f4xx_ll_usb.o
 .debug_macro   0x0000000000017c09      0x444 ./Middlewares/ST/STM32_USB_Device_Library/Class/CDC/Src/usbd_cdc.o
 .debug_macro   0x000000000001804d       0x97 ./Middlewares/ST/STM32_USB_Device_Library/Class/CDC/Src/usbd_cdc.o
 .debug_macro   0x00000000000180e4       0xfd ./Middlewares/ST/STM32_USB_Device_Library/Class/CDC/Src/usbd_cdc.o
 .debug_macro   0x00000000000181e1       0x56 ./Middlewares/ST/STM32_USB_Device_Library/Class/CDC/Src/usbd_cdc.o
 .debug_macro   0x0000000000018237       0x95 ./Middlewares/ST/STM32_USB_Device_Library/Class/CDC/Src/usbd_cdc.o
 .debug_macro   0x00000000000182cc      0x42b ./Middlewares/ST/STM32_USB_Device_Library/Core/Src/usbd_core.o
 .debug_macro   0x00000000000186f7      0x215 ./Middlewares/ST/STM32_USB_Device_Library/Core/Src/usbd_core.o
 .debug_macro   0x000000000001890c      0x435 ./Middlewares/ST/STM32_USB_Device_Library/Core/Src/usbd_ctlreq.o
 .debug_macro   0x0000000000018d41      0x431 ./Middlewares/ST/STM32_USB_Device_Library/Core/Src/usbd_ioreq.o
 .debug_macro   0x0000000000019172      0x464 ./USB_DEVICE/App/usb_device.o
 .debug_macro   0x00000000000195d6       0x46 ./USB_DEVICE/App/usb_device.o
 .debug_macro   0x000000000001961c       0x22 ./USB_DEVICE/App/usb_device.o
 .debug_macro   0x000000000001963e       0x16 ./USB_DEVICE/App/usb_device.o
 .debug_macro   0x0000000000019654      0x44f ./USB_DEVICE/App/usbd_cdc_if.o
 .debug_macro   0x0000000000019aa3       0x10 ./USB_DEVICE/App/usbd_cdc_if.o
 .debug_macro   0x0000000000019ab3      0x46e ./USB_DEVICE/App/usbd_desc.o
 .debug_macro   0x0000000000019f21       0x1c ./USB_DEVICE/App/usbd_desc.o
 .debug_macro   0x0000000000019f3d      0x448 ./USB_DEVICE/Target/usbd_conf.o

.debug_line     0x0000000000000000    0x16945
 .debug_line    0x0000000000000000      0x806 ./Core/Src/BME280.o
 .debug_line    0x0000000000000806      0xc0a ./Core/Src/main.o
 .debug_line    0x0000000000001410      0x832 ./Core/Src/stm32f4xx_hal_msp.o
 .debug_line    0x0000000000001c42      0x82b ./Core/Src/stm32f4xx_it.o
 .debug_line    0x000000000000246d      0x7d2 ./Core/Src/system_stm32f4xx.o
 .debug_line    0x0000000000002c3f       0x88 ./Core/Startup/startup_stm32f401rctx.o
 .debug_line    0x0000000000002cc7      0xa38 ./Drivers/STM32F4xx_HAL_Driver/Src/stm32f4xx_hal.o
 .debug_line    0x00000000000036ff     0x11e2 ./Drivers/STM32F4xx_HAL_Driver/Src/stm32f4xx_hal_adc.o
 .debug_line    0x00000000000048e1      0xce7 ./Drivers/STM32F4xx_HAL_Driver/Src/stm32f4xx_hal_cortex.o
 .debug_line    0x00000000000055c8      0xb70 ./Drivers/STM32F4xx_HAL_Driver/Src/stm32f4xx_hal_gpio.o
 .debug_line    0x0000000000006138     0x39ed ./Drivers/STM32F4xx_HAL_Driver/Src/stm32f4xx_hal_i2c.o
 .debug_line    0x0000000000009b25     0x14db ./Drivers/STM32F4xx_HAL_Driver/Src/stm32f4xx_hal_pcd.o
 .debug_line    0x000000000000b000      0x81b ./Drivers/STM32F4xx_HAL_Driver/Src/stm32f4xx_hal_pcd_ex.o
 .debug_line    0x000000000000b81b      0xdb4 ./Drivers/STM32F4xx_HAL_Driver/Src/stm32f4xx_hal_rcc.o
 .debug_line    0x000000000000c5cf     0x1cc2 ./Drivers/STM32F4xx_HAL_Driver/Src/stm32f4xx_hal_spi.o
 .debug_line    0x000000000000e291     0x1af5 ./Drivers/STM32F4xx_HAL_Driver/Src/stm32f4xx_ll_usb.o
 .debug_line    0x000000000000fd86      0xf65 ./Middlewares/ST/STM32_USB_Device_Library/Class/CDC/Src/usbd_cdc.o
 .debug_line    0x0000000000010ceb      0xfdf ./Middlewares/ST/STM32_USB_Device_Library/Core/Src/usbd_core.o
 .debug_line    0x0000000000011cca     0x11b0 ./Middlewares/ST/STM32_USB_Device_Library/Core/Src/usbd_ctlreq.o
 .debug_line    0x0000000000012e7a      0xaf7 ./Middlewares/ST/STM32_USB_Device_Library/Core/Src/usbd_ioreq.o
 .debug_line    0x0000000000013971      0xab3 ./USB_DEVICE/App/usb_device.o
 .debug_line    0x0000000000014424      0xb16 ./USB_DEVICE/App/usbd_cdc_if.o
 .debug_line    0x0000000000014f3a      0xb7c ./USB_DEVICE/App/usbd_desc.o
 .debug_line    0x0000000000015ab6      0xe8f ./USB_DEVICE/Target/usbd_conf.o

.debug_str      0x0000000000000000    0x96589
 .debug_str     0x0000000000000000    0x8cbb7 ./Core/Src/BME280.o
                                      0x8ceb8 (size before relaxing)
 .debug_str     0x000000000008cbb7     0x5029 ./Core/Src/main.o
                                      0x91f2c (size before relaxing)
 .debug_str     0x0000000000091be0       0xb1 ./Core/Src/stm32f4xx_hal_msp.o
                                      0x8d376 (size before relaxing)
 .debug_str     0x0000000000091c91      0x443 ./Core/Src/stm32f4xx_it.o
                                      0x8cdbb (size before relaxing)
 .debug_str     0x00000000000920d4       0xdb ./Core/Src/system_stm32f4xx.o
                                      0x8ca05 (size before relaxing)
 .debug_str     0x00000000000921af       0x36 ./Core/Startup/startup_stm32f401rctx.o
                                         0x75 (size before relaxing)
 .debug_str     0x00000000000921e5      0x9a4 ./Drivers/STM32F4xx_HAL_Driver/Src/stm32f4xx_hal.o
                                      0x8d427 (size before relaxing)
 .debug_str     0x0000000000092b89      0x284 ./Drivers/STM32F4xx_HAL_Driver/Src/stm32f4xx_hal_adc.o
                                      0x8cfe0 (size before relaxing)
 .debug_str     0x0000000000092e0d      0x34d ./Drivers/STM32F4xx_HAL_Driver/Src/stm32f4xx_hal_cortex.o
                                      0x8d148 (size before relaxing)
 .debug_str     0x000000000009315a      0x112 ./Drivers/STM32F4xx_HAL_Driver/Src/stm32f4xx_hal_gpio.o
                                      0x8cb80 (size before relaxing)
 .debug_str     0x000000000009326c      0xad2 ./Drivers/STM32F4xx_HAL_Driver/Src/stm32f4xx_hal_i2c.o
                                      0x8d9c3 (size before relaxing)
 .debug_str     0x0000000000093d3e      0x832 ./Drivers/STM32F4xx_HAL_Driver/Src/stm32f4xx_hal_pcd.o
                                      0x8d4b5 (size before relaxing)
 .debug_str     0x0000000000094570      0x115 ./Drivers/STM32F4xx_HAL_Driver/Src/stm32f4xx_hal_pcd_ex.o
                                      0x8cda4 (size before relaxing)
 .debug_str     0x0000000000094685      0x1ff ./Drivers/STM32F4xx_HAL_Driver/Src/stm32f4xx_hal_rcc.o
                                      0x8ce39 (size before relaxing)
 .debug_str     0x0000000000094884      0x531 ./Drivers/STM32F4xx_HAL_Driver/Src/stm32f4xx_hal_spi.o
                                      0x8d2b7 (size before relaxing)
 .debug_str     0x0000000000094db5      0x444 ./Drivers/STM32F4xx_HAL_Driver/Src/stm32f4xx_ll_usb.o
                                      0x8d31d (size before relaxing)
 .debug_str     0x00000000000951f9      0xa2e ./Middlewares/ST/STM32_USB_Device_Library/Class/CDC/Src/usbd_cdc.o
                                      0x920e1 (size before relaxing)
 .debug_str     0x0000000000095c27      0x35c ./Middlewares/ST/STM32_USB_Device_Library/Core/Src/usbd_core.o
                                      0x91a57 (size before relaxing)
 .debug_str     0x0000000000095f83      0x139 ./Middlewares/ST/STM32_USB_Device_Library/Core/Src/usbd_ctlreq.o
                                      0x91882 (size before relaxing)
 .debug_str     0x00000000000960bc       0x51 ./Middlewares/ST/STM32_USB_Device_Library/Core/Src/usbd_ioreq.o
                                      0x91757 (size before relaxing)
 .debug_str     0x000000000009610d      0x105 ./USB_DEVICE/App/usb_device.o
                                      0x91b0a (size before relaxing)
 .debug_str     0x0000000000096212       0xa1 ./USB_DEVICE/App/usbd_cdc_if.o
                                      0x91b4a (size before relaxing)
 .debug_str     0x00000000000962b3      0x26e ./USB_DEVICE/App/usbd_desc.o
                                      0x91657 (size before relaxing)
 .debug_str     0x0000000000096521       0x68 ./USB_DEVICE/Target/usbd_conf.o
                                      0x927df (size before relaxing)

.comment        0x0000000000000000       0x50
 .comment       0x0000000000000000       0x50 ./Core/Src/BME280.o